C51 COMPILER V9.01   2                                                                     07/28/2013 10:34:23 PAGE 1   


C51 COMPILER V9.01, COMPILATION OF MODULE 2
OBJECT MODULE PLACED IN 2.OBJ
COMPILER INVOKED BY: D:\(3)keil4\C51\BIN\C51.EXE 2.c BROWSE DEBUG OBJECTEXTEND

line level    source

   1          #include<reg51.h>                               //定义头文件
   2          #include<intrins.h>
   3          #define uchar unsigned char                     //宏定义
   4          #define uint unsigned int
   5          uchar disp_buffer[8];
   6          //uchar code tab[10][8]={
   7          //{0x00,0x3C,0x66,0x42,0x42,0x42,0x66,0x3C},/*"0",0*/
   8          //{0x00,0x00,0x04,0x04,0x7E,0x00,0x00,0x00},/*"1",1*/
   9          //{0x00,0x64,0x64,0x62,0x52,0x52,0x4A,0x44},/*"2",2*/
  10          //{0x00,0x24,0x44,0x42,0x4A,0x4A,0x4A,0x34},/*"3",3*/
  11          //{0x00,0x10,0x18,0x18,0x14,0x12,0x7E,0x10},/*"4",4*/
  12          //{0x00,0x00,0xCF,0x89,0x89,0x99,0x71,0x00},/*"5",0*/
  13          //{0x00,0x3C,0x4C,0x4A,0x4A,0x4A,0x4A,0x34},/*"6",6*/
  14          //{0x00,0x02,0x02,0x42,0x32,0x0A,0x06,0x02},/*"7",7*/
  15          //{0x00,0x3C,0x52,0x52,0x52,0x52,0x5A,0x34},/*"8",8*/
  16          //{0x00,0x2C,0x52,0x52,0x52,0x52,0x32,0x3C}/*"9",9*/
  17          //};
  18          uchar code tab[37][8]={
  19          {0x00,0x01,0x01,0x01,0x01,0x01,0x01,0x00},/*"未命名文件",1*/
  20          {0x00,0x00,0x01,0x01,0x01,0x01,0x01,0x01},/*"未命名文件",2*/
  21          {0x00,0x00,0x00,0x01,0x01,0x01,0x01,0x03},/*"未命名文件",3*/
  22          {0x00,0x00,0x00,0x00,0x01,0x01,0x01,0x43},/*"未命名文件",0*/
  23          {0x00,0x00,0x00,0x00,0x00,0x01,0x41,0x43},/*"未命名文件",5*/
  24          {0x00,0x00,0x00,0x00,0x00,0x40,0x41,0x43},/*"未命名文件",0*/
  25          {0x00,0x00,0x00,0x00,0x40,0x40,0x40,0x43},/*"未命名文件",0*/
  26          {0x00,0x00,0x00,0x40,0x40,0x40,0x40,0x42},/*"未命名文件",0*/
  27          {0x00,0x00,0x40,0x40,0x40,0x40,0x40,0x40},/*"未命名文件",0*/
  28          {0x00,0x40,0x40,0x40,0x40,0x40,0x40,0x00},/*"未命名文件",10*/
  29          {0x40,0x40,0x40,0x40,0x40,0x40,0x00,0x00},/*"未命名文件",0*/
  30          {0x50,0x40,0x40,0x40,0x40,0x00,0x00,0x00},/*"未命名文件",0*/
  31          {0x58,0x40,0x40,0x40,0x00,0x00,0x00,0x00},/*"未命名文件",0*/
  32          {0x58,0x48,0x40,0x00,0x00,0x00,0x00,0x00},/*"未命名文件",0*/
  33          {0x58,0x48,0x08,0x00,0x00,0x00,0x00,0x00},/*"未命名文件",15*/
  34          {0x58,0x08,0x08,0x08,0x00,0x00,0x00,0x00},/*"未命名文件",0*/
  35          {0x18,0x08,0x08,0x08,0x08,0x00,0x00,0x00},/*"未命名文件",0*/
  36          {0x08,0x08,0x08,0x08,0x08,0x08,0x00,0x00},/*"未命名文件",0*/
  37          {0x00,0x08,0x08,0x08,0x08,0x08,0x08,0x00},/*"未命名文件",0*/
  38          {0x00,0x00,0x08,0x08,0x08,0x08,0x08,0x08},/*"未命名文件",20*/
  39          {0x00,0x00,0x00,0x08,0x08,0x08,0x08,0x0C},/*"未命名文件",0*/
  40          {0x00,0x00,0x00,0x00,0x08,0x08,0x08,0x4C},/*"未命名文件",0*/
  41          {0x00,0x00,0x00,0x00,0x00,0x08,0x48,0x4C},/*"未命名文件",0*/
  42          {0x00,0x00,0x00,0x00,0x00,0x40,0x48,0x4C},/*"未命名文件",0*/
  43          {0x00,0x00,0x00,0x00,0x40,0x40,0x40,0x4C},/*"未命名文件",25*/
  44          {0x00,0x00,0x00,0x40,0x40,0x40,0x40,0x44},/*"未命名文件",0*/
  45          {0x00,0x00,0x40,0x40,0x40,0x40,0x40,0x40},/*"未命名文件",0*/
  46          {0x00,0x40,0x40,0x40,0x40,0x40,0x40,0x00},/*"未命名文件",0*/
  47          {0x40,0x40,0x40,0x40,0x40,0x40,0x00,0x00},/*"未命名文件",0*/
  48          {0x60,0x40,0x40,0x40,0x40,0x00,0x00,0x00},/*"未命名文件",30*/
  49          {0x61,0x40,0x40,0x40,0x00,0x00,0x00,0x00},/*"未命名文件",0*/
  50          {0x61,0x41,0x40,0x00,0x00,0x00,0x00,0x00},/*"未命名文件",0*/
  51          {0x61,0x41,0x01,0x00,0x00,0x00,0x00,0x00},/*"未命名文件",0*/
  52          {0x61,0x01,0x01,0x01,0x00,0x00,0x00,0x00},/*"未命名文件",0*/
  53          {0x21,0x01,0x01,0x01,0x01,0x00,0x00,0x00},/*"未命名文件",35*/
  54          {0x01,0x01,0x01,0x01,0x01,0x01,0x00,0x00},/*"未命名文件",0*/
  55          {0x00,0x01,0x01,0x01,0x01,0x01,0x01,0x00},/*"未命名文件",0*/
C51 COMPILER V9.01   2                                                                     07/28/2013 10:34:23 PAGE 2   

  56          };  
  57          /***********************************************************************/
  58          //延时函数：功能带有入口参数的延时函数，时间单位1毫秒
  59          /***********************************************************************/
  60          void delayms(int m)
  61          {
  62   1          int i,j;
  63   1          for(i=0;i<m;i++)
  64   1          {
  65   2              for(j=0;j<123;j++)
  66   2              {}
  67   2          }
  68   1      }
  69          
  70          void display()
  71          {
  72   1          uchar i,temp;
  73   1          temp = 0xfe;
  74   1          for(i=0;i<8;i++)
  75   1          {
  76   2              P2 = temp;
  77   2              P0 = disp_buffer[i];
  78   2              delayms(2);
  79   2              P0 = 0x00;
  80   2              temp = _crol_(temp,1);  
  81   2          }
  82   1      }
  83          
  84          /***********************************************************************/
  85          //
  86          /***********************************************************************/
  87          void main()
  88          {
  89   1          uchar i,j=0;
  90   1          while(1)
  91   1          {
  92   2                      for(j = 0;j < 37;j++)
  93   2                              {
  94   3                              for(i=0;i<8;i++)
  95   3                              {
  96   4                                  disp_buffer[i] = tab[j][i];
  97   4                              }
  98   3                                      for(i = 0;i < 15;i++)
  99   3                              display();
 100   3                              }
 101   2                      for(j = 36;j > 0;j--)
 102   2                      {
 103   3                      for(i=0;i<8;i++)
 104   3                      {
 105   4                          disp_buffer[i] = tab[j][i];
 106   4                      }
 107   3                              for(i = 0;i < 15;i++)
 108   3                      display();
 109   3                      }
 110   2      //        con++;
 111   2      //        if(con>20)
 112   2      //        {
 113   2      //            con=0;
 114   2      //            j++;
 115   2      //            if(j>15)
 116   2      //                j=0;
 117   2      //        }   
C51 COMPILER V9.01   2                                                                     07/28/2013 10:34:23 PAGE 3   

 118   2          }
 119   1      }


MODULE INFORMATION:   STATIC OVERLAYABLE
   CODE SIZE        =    234    ----
   CONSTANT SIZE    =    296    ----
   XDATA SIZE       =   ----    ----
   PDATA SIZE       =   ----    ----
   DATA SIZE        =      8       3
   IDATA SIZE       =   ----    ----
   BIT SIZE         =   ----    ----
END OF MODULE INFORMATION.


C51 COMPILATION COMPLETE.  0 WARNING(S),  0 ERROR(S)
