C51 COMPILER V9.01   TANCHISE                                                              07/03/2013 23:47:56 PAGE 1   


C51 COMPILER V9.01, COMPILATION OF MODULE TANCHISE
OBJECT MODULE PLACED IN tanchise.OBJ
COMPILER INVOKED BY: D:\(3)keil4\C51\BIN\C51.EXE tanchise.c BROWSE DEBUG OBJECTEXTEND

line level    source

   1          #include<reg51.h>                               //定义头文件
   2          #include<intrins.h>
   3          #define uchar unsigned char                     //宏定义
   4          #define uint unsigned int
   5          uchar disp_buffer[8];
   6          //uchar code tab[10][8]={
   7          //{0x00,0x3C,0x66,0x42,0x42,0x42,0x66,0x3C},/*"0",0*/
   8          //{0x00,0x00,0x04,0x04,0x7E,0x00,0x00,0x00},/*"1",1*/
   9          //{0x00,0x64,0x64,0x62,0x52,0x52,0x4A,0x44},/*"2",2*/
  10          //{0x00,0x24,0x44,0x42,0x4A,0x4A,0x4A,0x34},/*"3",3*/
  11          //{0x00,0x10,0x18,0x18,0x14,0x12,0x7E,0x10},/*"4",4*/
  12          //{0x00,0x00,0xCF,0x89,0x89,0x99,0x71,0x00},/*"5",0*/
  13          //{0x00,0x3C,0x4C,0x4A,0x4A,0x4A,0x4A,0x34},/*"6",6*/
  14          //{0x00,0x02,0x02,0x42,0x32,0x0A,0x06,0x02},/*"7",7*/
  15          //{0x00,0x3C,0x52,0x52,0x52,0x52,0x5A,0x34},/*"8",8*/
  16          //{0x00,0x2C,0x52,0x52,0x52,0x52,0x32,0x3C}/*"9",9*/
  17          //};
  18          uchar code tab[20][8]={
  19          
  20          {0x00,0x00,0x01,0x01,0x01,0x01,0x01,0x00},/*"未命名文件",0*/
  21          {0x00,0x00,0x00,0x01,0x01,0x01,0x01,0x01},/*"未命名文件",0*/
  22          {0x00,0x00,0x00,0x00,0x01,0x01,0x01,0x03},/*"未命名文件",0*/
  23          {0x00,0x00,0x00,0x00,0x00,0x01,0x01,0x07},/*"未命名文件",0*/
  24          {0x00,0x00,0x00,0x00,0x00,0x00,0x01,0x0F},/*"未命名文件",0*/
  25          {0x00,0x00,0x00,0x00,0x00,0x00,0x08,0x0F},/*"未命名文件",0*/
  26          {0x00,0x00,0x00,0x00,0x00,0x08,0x08,0x0E},/*"未命名文件",0*/
  27          {0x00,0x00,0x00,0x00,0x08,0x08,0x08,0x0C},/*"未命名文件",0*/
  28          {0x00,0x00,0x00,0x08,0x08,0x08,0x08,0x08},/*"未命名文件",0*/
  29          {0x00,0x00,0x08,0x08,0x08,0x08,0x08,0x00},/*"未命名文件",0*/
  30          {0x00,0x08,0x08,0x08,0x08,0x08,0x00,0x00},/*"未命名文件",0*/
  31          {0x08,0x08,0x08,0x08,0x08,0x00,0x00,0x00},/*"未命名文件",0*/
  32          {0x18,0x08,0x08,0x08,0x00,0x00,0x00,0x00},/*"未命名文件",0*/
  33          {0x38,0x08,0x08,0x00,0x00,0x00,0x00,0x00},/*"未命名文件",0*/
  34          {0x39,0x08,0x00,0x00,0x00,0x00,0x00,0x00},/*"未命名文件",0*/
  35          {0x39,0x01,0x00,0x00,0x00,0x00,0x00,0x00},/*"未命名文件",0*/
  36          {0x31,0x01,0x01,0x00,0x00,0x00,0x00,0x00},/*"未命名文件",0*/
  37          {0x01,0x01,0x01,0x01,0x01,0x00,0x00,0x00},/*"未命名文件",0*/
  38          {0x00,0x01,0x01,0x01,0x01,0x01,0x00,0x00},/*"未命名文件",0*/
  39          {0x00,0x00,0x01,0x01,0x01,0x01,0x01,0x00},/*"未命名文件",0*/
  40          
  41          };  
  42          /***********************************************************************/
  43          //延时函数：功能带有入口参数的延时函数，时间单位1毫秒
  44          /***********************************************************************/
  45          void delayms(int m)
  46          {
  47   1          int i,j;
  48   1          for(i=0;i<m;i++)
  49   1          {
  50   2              for(j=0;j<123;j++)
  51   2              {}
  52   2          }
  53   1      }
  54          
  55          void display()
C51 COMPILER V9.01   TANCHISE                                                              07/03/2013 23:47:56 PAGE 2   

  56          {
  57   1          uchar i,temp;
  58   1          temp = 0xfe;
  59   1          for(i=0;i<8;i++)
  60   1          {
  61   2              P2 = temp;
  62   2              P0 = disp_buffer[i];
  63   2              delayms(2);
  64   2              P0 = 0x00;
  65   2              temp = _crol_(temp,1);  
  66   2          }
  67   1      }
  68          
  69          /***********************************************************************/
  70          //
  71          /***********************************************************************/
  72          void main()
  73          {
  74   1          uchar i,j=0;
  75   1          while(1)
  76   1          {
  77   2                      for(j = 0;j < 20;j++)
  78   2                      {
  79   3                      for(i=0;i<8;i++)
  80   3                      {
  81   4                          disp_buffer[i] = tab[j][i];
  82   4                      }
  83   3                              for(i = 0;i < 15;i++)
  84   3                      display();
  85   3                      }
  86   2      //        con++;
  87   2      //        if(con>20)
  88   2      //        {
  89   2      //            con=0;
  90   2      //            j++;
  91   2      //            if(j>15)
  92   2      //                j=0;
  93   2      //        }   
  94   2          }
  95   1      }


MODULE INFORMATION:   STATIC OVERLAYABLE
   CODE SIZE        =    159    ----
   CONSTANT SIZE    =    160    ----
   XDATA SIZE       =   ----    ----
   PDATA SIZE       =   ----    ----
   DATA SIZE        =      8       3
   IDATA SIZE       =   ----    ----
   BIT SIZE         =   ----    ----
END OF MODULE INFORMATION.


C51 COMPILATION COMPLETE.  0 WARNING(S),  0 ERROR(S)
