C51 COMPILER V9.01   18B20                                                                 07/20/2013 18:03:38 PAGE 1   


C51 COMPILER V9.01, COMPILATION OF MODULE 18B20
OBJECT MODULE PLACED IN 18B20.OBJ
COMPILER INVOKED BY: D:\(3)keil4\C51\BIN\C51.EXE 18B20.c BROWSE INCDIR(..\ModuleDrive) DEBUG OBJECTEXTEND

line level    source

   1          /********************************************************************************************************
   2          //程序功能：DS18B20读取温度
   3          ********************************************************************************************************/
   4          #include <reg52.h>
   5          #include <intrins.h>                             
   6          #include <18b20Drive.h>
   7          
   8          uchar code DS18B20_lab[]={0x3f,0x06,0x5b,0x4f,0x66,0x6d,0x7d,0x07,0x7f,0x6f,0x77,0x7c,0x39,0x5e,0x79,0x71,
             -0x80};
   9          uchar disp_DS18B20_buffer[4];
  10          /********************************************************************************************************
  11          延迟函数，x=1大约延迟1ms
  12          ********************************************************************************************************/
  13          void delay(uint x)
  14          {
  15   1              uint i,j;
  16   1              for(i=0;i<x;i++)
  17   1                      for(j=0;j<120;j++);
  18   1      }
  19          /********************************************************************************************************
  20          延迟函数，x=1大约延迟8us
  21          ********************************************************************************************************/
  22          void delay_us(uint x)
  23          {
  24   1              while(x--);
  25   1      }
  26          
  27          /***********************************************************************/
  28          //显示函数
  29          /***********************************************************************/
  30          void display()
  31          {
  32   1              uchar i,temp;
  33   1              temp=0xfe;
  34   1              for(i=0;i<4;i++)
  35   1              {
  36   2                      if(i==1)
  37   2                      {
  38   3                              P1=DS18B20_lab[disp_DS18B20_buffer[i]]+0x80;
  39   3                      }
  40   2                      else
  41   2                              P1=DS18B20_lab[disp_DS18B20_buffer[i]];
  42   2                      P0=temp;                        
  43   2                      delay(2);
  44   2                      P0=0xff;
  45   2                      temp=(temp<<1)|0x01;            
  46   2              }       
  47   1      }
  48          
  49          
  50          /********************************************************************************************************
  51          主函数  把温度显示在数码管上
  52          ********************************************************************************************************/
  53          void main()
  54          {
C51 COMPILER V9.01   18B20                                                                 07/20/2013 18:03:38 PAGE 2   

  55   1              uint temp,i;
  56   1              while(1)
  57   1              {       
  58   2                      temp=DS18B20_readtemperature();
  59   2                      disp_DS18B20_buffer[2]=temp%10;
  60   2                      disp_DS18B20_buffer[1]=temp%100/10;
  61   2                      disp_DS18B20_buffer[0]=temp/100;
  62   2              
  63   2                              display();
  64   2                      
  65   2                                      
  66   2              }
  67   1      }
*** WARNING C280 IN LINE 55 OF 18B20.C: 'i': unreferenced local variable


MODULE INFORMATION:   STATIC OVERLAYABLE
   CODE SIZE        =    161    ----
   CONSTANT SIZE    =     17    ----
   XDATA SIZE       =   ----    ----
   PDATA SIZE       =   ----    ----
   DATA SIZE        =      4       5
   IDATA SIZE       =   ----    ----
   BIT SIZE         =   ----    ----
END OF MODULE INFORMATION.


C51 COMPILATION COMPLETE.  1 WARNING(S),  0 ERROR(S)
