BL51 BANKED LINKER/LOCATER V6.22                                                        07/27/2013  10:39:10  PAGE 1


BL51 BANKED LINKER/LOCATER V6.22, INVOKED BY:
D:\(3)KEIL4\C51\BIN\BL51.EXE .\Obj\Main.obj, .\Obj\LCD12864.obj, .\Obj\DisplayTime.obj, .\Obj\DS1302.obj, .\Obj\DS18B20.
>> obj, .\Obj\KeyPro.obj, .\Obj\Lunar.obj, .\Obj\AlarmClock.obj, .\Obj\Font.obj, .\Obj\IR.obj TO .\Obj\LCD12864 Calendar
>>  PRINT (.\List\LCD12864 Calendar.m51) RAMSIZE (256)


MEMORY MODEL: SMALL WITH FLOATING POINT ARITHMETIC


INPUT MODULES INCLUDED:
  .\Obj\Main.obj (MAIN)
  .\Obj\LCD12864.obj (LCD12864)
  .\Obj\DisplayTime.obj (DISPLAYTIME)
  .\Obj\DS1302.obj (DS1302)
  .\Obj\DS18B20.obj (DS18B20)
  .\Obj\KeyPro.obj (KEYPRO)
  .\Obj\Lunar.obj (LUNAR)
  .\Obj\AlarmClock.obj (ALARMCLOCK)
  .\Obj\Font.obj (FONT)
  .\Obj\IR.obj (IR)
  D:\(3)KEIL4\C51\LIB\C51FPS.LIB (?C?FPMUL)
  D:\(3)KEIL4\C51\LIB\C51FPS.LIB (?C?FCAST)
  D:\(3)KEIL4\C51\LIB\C51FPS.LIB (?C?CASTF)
  D:\(3)KEIL4\C51\LIB\C51FPS.LIB (?C?FPGETOPN)
  D:\(3)KEIL4\C51\LIB\C51S.LIB (?C_STARTUP)
  D:\(3)KEIL4\C51\LIB\C51S.LIB (?C?CLDPTR)
  D:\(3)KEIL4\C51\LIB\C51S.LIB (?C?IMUL)
  D:\(3)KEIL4\C51\LIB\C51S.LIB (?C?UIDIV)
  D:\(3)KEIL4\C51\LIB\C51S.LIB (?C?SIDIV)
  D:\(3)KEIL4\C51\LIB\C51S.LIB (?C?LNEG)
  D:\(3)KEIL4\C51\LIB\C51S.LIB (?C?CCASE)
  D:\(3)KEIL4\C51\LIB\C51S.LIB (?C_INIT)


LINK MAP OF MODULE:  .\Obj\LCD12864 Calendar (MAIN)


            TYPE    BASE      LENGTH    RELOCATION   SEGMENT NAME
            -----------------------------------------------------

            * * * * * * *   D A T A   M E M O R Y   * * * * * * *
            REG     0000H     0008H     ABSOLUTE     "REG BANK 0"
            DATA    0008H     0016H     UNIT         ?DT?DISPLAYTIME
                    001EH     0002H                  *** GAP ***
            BIT     0020H.0   0000H.3   UNIT         _BIT_GROUP_
            BIT     0020H.3   0000H.2   UNIT         ?BI?LUNAR
            BIT     0020H.5   0000H.1   UNIT         ?BI?DISPLAYTIME
                    0020H.6   0000H.2                *** GAP ***
            DATA    0021H     001AH     UNIT         ?DT?IR
            DATA    003BH     000FH     UNIT         _DATA_GROUP_
            DATA    004AH     0009H     UNIT         ?DT?DS1302
            DATA    0053H     0007H     UNIT         ?DT?DS18B20
            IDATA   005AH     0013H     UNIT         ?ID?DISPLAYTIME
            IDATA   006DH     0001H     UNIT         ?STACK

            * * * * * * *   C O D E   M E M O R Y   * * * * * * *
            CODE    0000H     0003H     ABSOLUTE     
            CODE    0003H     0003H     ABSOLUTE     
BL51 BANKED LINKER/LOCATER V6.22                                                      07/27/2013  10:39:10  PAGE 2


                    0006H     0005H                  *** GAP ***
            CODE    000BH     0003H     ABSOLUTE     
            CODE    000EH     0BBBH     UNIT         ?PR?KEYDONE?KEYPRO
            CODE    0BC9H     0978H     UNIT         ?CO?LUNAR
            CODE    1541H     07D5H     UNIT         ?CO?DISPLAYTIME
            CODE    1D16H     0780H     UNIT         ?CO?FONT
            CODE    2496H     045BH     UNIT         ?PR?DISPLAYJR?DISPLAYTIME
            CODE    28F1H     032CH     UNIT         ?PR?_NZ_SZ_SCREEN?DISPLAYTIME
            CODE    2C1DH     02FDH     UNIT         ?PR?_NZ_XZ_SCREEN?DISPLAYTIME
            CODE    2F1AH     02AFH     UNIT         ?C?LIB_CODE
            CODE    31C9H     0290H     UNIT         ?PR?DISPLAYSX?DISPLAYTIME
            CODE    3459H     022EH     UNIT         ?PR?DISPLAYNL?DISPLAYTIME
            CODE    3687H     0211H     UNIT         ?PR?CONVERSION?LUNAR
            CODE    3898H     0182H     UNIT         ?PR?DISPLAYJIEQI?DISPLAYTIME
            CODE    3A1AH     0159H     UNIT         ?PR?_GETMOONDAY?LUNAR
            CODE    3B73H     0154H     UNIT         ?PR?_SCREEN?DISPLAYTIME
            CODE    3CC7H     0145H     UNIT         ?PR?IR_IN?IR
            CODE    3E0CH     0142H     UNIT         ?PR?_CHK_NZ?ALARMCLOCK
            CODE    3F4EH     012CH     UNIT         ?PR?_WC_XZ_SCREEN?DISPLAYTIME
            CODE    407AH     012BH     UNIT         ?PR?DIS_OTHER?DISPLAYTIME
            CODE    41A5H     00F6H     UNIT         ?PR?SCREEN3?DISPLAYTIME
            CODE    429BH     00F3H     UNIT         ?PR?DISPLAYTIME?DISPLAYTIME
            CODE    438EH     00D1H     UNIT         ?PR?_WRITE1632GDRAM?LCD12864
            CODE    445FH     00C4H     UNIT         ?PR?_JIEQI?LUNAR
            CODE    4523H     009FH     UNIT         ?PR?DIS_NZ?DISPLAYTIME
            CODE    45C2H     009EH     UNIT         ?PR?SAVE_NZ?ALARMCLOCK
            CODE    4660H     009BH     UNIT         ?PR?DISPLAYXQ?DISPLAYTIME
            CODE    46FBH     0099H     UNIT         ?PR?DS1302_DATA_RET?DS1302
            CODE    4794H     0095H     UNIT         ?PR?_DIS_NZ_MODE?DISPLAYTIME
            CODE    4829H     0091H     UNIT         ?PR?READ_NZ_DATA?ALARMCLOCK
            CODE    48BAH     008FH     UNIT         ?PR?DS1820DISP?DS18B20
            CODE    4949H     008FH     UNIT         ?PR?READ_KEY?KEYPRO
            CODE    49D8H     008CH     UNIT         ?C_C51STARTUP
            CODE    4A64H     007EH     UNIT         ?PR?DISPLAYDATE?DISPLAYTIME
            CODE    4AE2H     007DH     UNIT         ?PR?CONVER_WEEK?LUNAR
            CODE    4B5FH     007CH     UNIT         ?PR?_WRITE1616GDRAM?LCD12864
            CODE    4BDBH     0077H     UNIT         ?PR?AUTOTS?DS1302
            CODE    4C52H     0072H     UNIT         ?PR?SCREEN2?DISPLAYTIME
            CODE    4CC4H     0062H     UNIT         ?PR?SCREEN4?DISPLAYTIME
            CODE    4D26H     0060H     UNIT         ?PR?_WRITE_DATA?LCD12864
            CODE    4D86H     0056H     UNIT         ?C_INITSEG
            CODE    4DDCH     004DH     UNIT         ?PR?READ_TEMP?DS18B20
            CODE    4E29H     0049H     UNIT         ?PR?_BUZZER_NZ?ALARMCLOCK
            CODE    4E72H     0045H     UNIT         ?PR?_WRITE12864GDRAM?LCD12864
            CODE    4EB7H     0042H     UNIT         ?PR?DIS_CHK_SAVE?DISPLAYTIME
            CODE    4EF9H     0042H     UNIT         ?PR?WELCOME2?DISPLAYTIME
            CODE    4F3BH     003AH     UNIT         ?PR?MAIN?MAIN
            CODE    4F75H     0034H     UNIT         ?PR?DS1302_WRITE?DS1302
            CODE    4FA9H     0032H     UNIT         ?PR?DS1820RST?DS18B20
            CODE    4FDBH     002BH     UNIT         ?PR?DS1302_READ?DS1302
            CODE    5006H     002BH     UNIT         ?PR?NZ_BEEP?ALARMCLOCK
            CODE    5031H     002AH     UNIT         ?PR?CLEAN_12864_GDRAM?LCD12864
            CODE    505BH     0027H     UNIT         ?PR?NONGLI?DISPLAYTIME
            CODE    5082H     0026H     UNIT         ?PR?MAIN_INIT?MAIN
            CODE    50A8H     0026H     UNIT         ?PR?CHK_MAIN?MAIN
            CODE    50CEH     0026H     UNIT         ?PR?DISPLAYDAY?DISPLAYTIME
            CODE    50F4H     0026H     UNIT         ?PR?CHK_MAX_DAY?DS1302
BL51 BANKED LINKER/LOCATER V6.22                                                      07/27/2013  10:39:10  PAGE 3


            CODE    511AH     0025H     UNIT         ?PR?LCM_CLR2?LCD12864
            CODE    513FH     0025H     UNIT         ?PR?LCM_CLR3?LCD12864
            CODE    5164H     0021H     UNIT         ?PR?_SET1616PIC?LCD12864
            CODE    5185H     001EH     UNIT         ?PR?DS1820RD?DS18B20
            CODE    51A3H     001CH     UNIT         ?PR?_LCM_W_WORD?LCD12864
            CODE    51BFH     001AH     UNIT         ?PR?_DS1820WR?DS18B20
            CODE    51D9H     0019H     UNIT         ?PR?_WRITE_TIME_BYTE?DS1302
            CODE    51F2H     0019H     UNIT         ?PR?_READ_TIME?DS1302
            CODE    520BH     0019H     UNIT         ?PR?_DELAYMS?ALARMCLOCK
            CODE    5224H     0018H     UNIT         ?PR?DS1302_JIAOSHI?DS1302
            CODE    523CH     0018H     UNIT         ?PR?DIDI?ALARMCLOCK
            CODE    5254H     0015H     UNIT         ?PR?LCM_INIT?LCD12864
            CODE    5269H     0014H     UNIT         ?CO?LCD12864
            CODE    527DH     0013H     UNIT         ?PR?_WRITE_TIME?DS1302
            CODE    5290H     0012H     UNIT         ?PR?_WRITE_COM?LCD12864
            CODE    52A2H     0012H     UNIT         ?PR?INIT_12864_GDRAM?LCD12864
            CODE    52B4H     0012H     UNIT         ?PR?SCREEN1?DISPLAYTIME
            CODE    52C6H     0012H     UNIT         ?PR?_DELAY_18B20?DS18B20
            CODE    52D8H     0012H     UNIT         ?PR?_DELAYA?IR
            CODE    52EAH     0011H     UNIT         ?PR?CHK_BUSY?LCD12864
            CODE    52FBH     0011H     UNIT         ?PR?LCM_CLR?LCD12864
            CODE    530CH     0011H     UNIT         ?PR?KEY_BEEP?ALARMCLOCK
            CODE    531DH     000EH     UNIT         ?PR?DS1302_INIT?DS1302
            CODE    532BH     000CH     UNIT         ?PR?LCM_W_TEST?LCD12864
            CODE    5337H     000CH     UNIT         ?CO?DS1302
            CODE    5343H     0007H     UNIT         ?PR?WELCOME1?DISPLAYTIME



OVERLAY MAP OF MODULE:   .\Obj\LCD12864 Calendar (MAIN)


SEGMENT                                   BIT_GROUP          DATA_GROUP 
  +--> CALLED SEGMENT                  START    LENGTH     START    LENGTH
--------------------------------------------------------------------------
?PR?IR_IN?IR                           -----    -----      003BH    0002H
  +--> ?PR?_DELAYA?IR

*** NEW ROOT ***************************************************

?C_C51STARTUP                          -----    -----      -----    -----
  +--> ?PR?MAIN?MAIN
  +--> ?C_INITSEG

?PR?MAIN?MAIN                          -----    -----      -----    -----
  +--> ?PR?MAIN_INIT?MAIN
  +--> ?PR?DS1302_INIT?DS1302
  +--> ?PR?LCM_INIT?LCD12864
  +--> ?PR?READ_NZ_DATA?ALARMCLOCK
  +--> ?PR?WELCOME1?DISPLAYTIME
  +--> ?PR?_DELAYMS?ALARMCLOCK
  +--> ?PR?LCM_CLR2?LCD12864
  +--> ?PR?CLEAN_12864_GDRAM?LCD12864
  +--> ?PR?WELCOME2?DISPLAYTIME
  +--> ?PR?KEYDONE?KEYPRO

?PR?DS1302_INIT?DS1302                 -----    -----      -----    -----
BL51 BANKED LINKER/LOCATER V6.22                                                      07/27/2013  10:39:10  PAGE 4


  +--> ?PR?_READ_TIME?DS1302
  +--> ?PR?DS1302_DATA_RET?DS1302

?PR?_READ_TIME?DS1302                  -----    -----      -----    -----
  +--> ?PR?_WRITE_TIME_BYTE?DS1302

?PR?DS1302_DATA_RET?DS1302             -----    -----      -----    -----
  +--> ?PR?DS1302_WRITE?DS1302
  +--> ?PR?_WRITE_TIME?DS1302

?PR?DS1302_WRITE?DS1302                -----    -----      -----    -----
  +--> ?PR?_WRITE_TIME?DS1302

?PR?_WRITE_TIME?DS1302                 -----    -----      0040H    0001H
  +--> ?PR?_WRITE_TIME_BYTE?DS1302

?PR?LCM_INIT?LCD12864                  -----    -----      -----    -----
  +--> ?PR?_WRITE_COM?LCD12864
  +--> ?PR?LCM_CLR?LCD12864
  +--> ?PR?LCM_CLR2?LCD12864

?PR?_WRITE_COM?LCD12864                -----    -----      -----    -----
  +--> ?PR?CHK_BUSY?LCD12864

?PR?LCM_CLR?LCD12864                   -----    -----      -----    -----
  +--> ?PR?_WRITE_COM?LCD12864
  +--> ?PR?_DELAYMS?ALARMCLOCK

?PR?LCM_CLR2?LCD12864                  -----    -----      -----    -----
  +--> ?PR?LCM_W_TEST?LCD12864
  +--> ?PR?_LCM_W_WORD?LCD12864
  +--> ?CO?LCD12864

?PR?LCM_W_TEST?LCD12864                0020H.0  0000H.1    0042H    0001H
  +--> ?PR?_WRITE_COM?LCD12864
  +--> ?PR?_WRITE_DATA?LCD12864

?PR?_WRITE_DATA?LCD12864               -----    -----      -----    -----
  +--> ?PR?_WRITE_COM?LCD12864
  +--> ?PR?CHK_BUSY?LCD12864

?PR?_LCM_W_WORD?LCD12864               -----    -----      -----    -----
  +--> ?CO?LCD12864
  +--> ?PR?_WRITE_DATA?LCD12864

?PR?READ_NZ_DATA?ALARMCLOCK            -----    -----      -----    -----
  +--> ?PR?_READ_TIME?DS1302

?PR?WELCOME1?DISPLAYTIME               -----    -----      -----    -----
  +--> ?CO?FONT
  +--> ?PR?_WRITE12864GDRAM?LCD12864

?PR?_WRITE12864GDRAM?LCD12864          -----    -----      003DH    0002H
  +--> ?PR?_WRITE_COM?LCD12864
  +--> ?PR?_WRITE_DATA?LCD12864

?PR?CLEAN_12864_GDRAM?LCD12864         -----    -----      -----    -----
BL51 BANKED LINKER/LOCATER V6.22                                                      07/27/2013  10:39:10  PAGE 5


  +--> ?PR?_WRITE_COM?LCD12864
  +--> ?PR?INIT_12864_GDRAM?LCD12864
  +--> ?PR?_WRITE_DATA?LCD12864

?PR?INIT_12864_GDRAM?LCD12864          -----    -----      -----    -----
  +--> ?PR?_WRITE_COM?LCD12864
  +--> ?PR?LCM_CLR?LCD12864

?PR?WELCOME2?DISPLAYTIME               -----    -----      -----    -----
  +--> ?PR?_WRITE_COM?LCD12864
  +--> ?CO?DISPLAYTIME
  +--> ?PR?_LCM_W_WORD?LCD12864

?PR?KEYDONE?KEYPRO                     -----    -----      003DH    0002H
  +--> ?PR?READ_KEY?KEYPRO
  +--> ?PR?READ_NZ_DATA?ALARMCLOCK
  +--> ?PR?LCM_CLR2?LCD12864
  +--> ?PR?CLEAN_12864_GDRAM?LCD12864
  +--> ?PR?_SCREEN?DISPLAYTIME
  +--> ?PR?CHK_MAX_DAY?DS1302
  +--> ?PR?DS1302_WRITE?DS1302
  +--> ?PR?SAVE_NZ?ALARMCLOCK
  +--> ?PR?DS1302_JIAOSHI?DS1302
  +--> ?PR?_CHK_NZ?ALARMCLOCK
  +--> ?PR?_BUZZER_NZ?ALARMCLOCK
  +--> ?PR?CONVERSION?LUNAR
  +--> ?PR?_DELAYMS?ALARMCLOCK
  +--> ?PR?KEY_BEEP?ALARMCLOCK

?PR?READ_KEY?KEYPRO                    -----    -----      -----    -----
  +--> ?PR?_DELAYMS?ALARMCLOCK
  +--> ?PR?KEY_BEEP?ALARMCLOCK

?PR?KEY_BEEP?ALARMCLOCK                -----    -----      -----    -----
  +--> ?PR?_DELAYMS?ALARMCLOCK

?PR?_SCREEN?DISPLAYTIME                -----    -----      -----    -----
  +--> ?PR?_READ_TIME?DS1302
  +--> ?PR?DS1302_READ?DS1302
  +--> ?PR?SCREEN1?DISPLAYTIME
  +--> ?PR?SCREEN2?DISPLAYTIME
  +--> ?PR?_WRITE_COM?LCD12864
  +--> ?CO?DISPLAYTIME
  +--> ?PR?_LCM_W_WORD?LCD12864
  +--> ?PR?SCREEN3?DISPLAYTIME
  +--> ?PR?DIS_CHK_SAVE?DISPLAYTIME
  +--> ?PR?SCREEN4?DISPLAYTIME
  +--> ?PR?_NZ_XZ_SCREEN?DISPLAYTIME
  +--> ?PR?_NZ_SZ_SCREEN?DISPLAYTIME
  +--> ?PR?DIS_OTHER?DISPLAYTIME
  +--> ?PR?_WC_XZ_SCREEN?DISPLAYTIME

?PR?DS1302_READ?DS1302                 -----    -----      -----    -----
  +--> ?PR?_READ_TIME?DS1302

?PR?SCREEN1?DISPLAYTIME                -----    -----      -----    -----
  +--> ?PR?DISPLAYDAY?DISPLAYTIME
BL51 BANKED LINKER/LOCATER V6.22                                                      07/27/2013  10:39:10  PAGE 6


  +--> ?PR?DISPLAYTIME?DISPLAYTIME
  +--> ?PR?NONGLI?DISPLAYTIME
  +--> ?PR?DS1820DISP?DS18B20
  +--> ?PR?READ_NZ_DATA?ALARMCLOCK
  +--> ?PR?AUTOTS?DS1302

?PR?DISPLAYDAY?DISPLAYTIME             -----    -----      003FH    0001H
  +--> ?PR?_READ_TIME?DS1302
  +--> ?PR?DISPLAYDATE?DISPLAYTIME
  +--> ?PR?DISPLAYXQ?DISPLAYTIME
  +--> ?PR?DISPLAYJR?DISPLAYTIME

?PR?DISPLAYDATE?DISPLAYTIME            -----    -----      -----    -----
  +--> ?PR?_WRITE_COM?LCD12864
  +--> ?CO?DISPLAYTIME
  +--> ?PR?_LCM_W_WORD?LCD12864
  +--> ?PR?_READ_TIME?DS1302
  +--> ?PR?_WRITE_DATA?LCD12864

?PR?DISPLAYXQ?DISPLAYTIME              -----    -----      -----    -----
  +--> ?PR?_READ_TIME?DS1302
  +--> ?PR?CONVER_WEEK?LUNAR
  +--> ?PR?_WRITE_COM?LCD12864
  +--> ?CO?DISPLAYTIME
  +--> ?PR?_LCM_W_WORD?LCD12864
  +--> ?PR?_WRITE_DATA?LCD12864

?PR?CONVER_WEEK?LUNAR                  0020H.0  0000H.1    0040H    0003H
  +--> ?PR?_WRITE_COM?LCD12864
  +--> ?CO?LUNAR

?PR?DISPLAYJR?DISPLAYTIME              -----    -----      -----    -----
  +--> ?PR?CONVERSION?LUNAR
  +--> ?PR?_WRITE_COM?LCD12864
  +--> ?CO?DISPLAYTIME
  +--> ?PR?_LCM_W_WORD?LCD12864

?PR?CONVERSION?LUNAR                   0020H.0  0000H.3    0040H    0009H
  +--> ?CO?LUNAR
  +--> ?PR?_GETMOONDAY?LUNAR

?PR?_GETMOONDAY?LUNAR                  -----    -----      -----    -----
  +--> ?CO?LUNAR

?PR?DISPLAYTIME?DISPLAYTIME            -----    -----      -----    -----
  +--> ?PR?_WRITE_COM?LCD12864
  +--> ?PR?LCM_CLR3?LCD12864
  +--> ?PR?_READ_TIME?DS1302
  +--> ?PR?_DELAYMS?ALARMCLOCK
  +--> ?CO?FONT
  +--> ?PR?_WRITE1632GDRAM?LCD12864

?PR?LCM_CLR3?LCD12864                  -----    -----      -----    -----
  +--> ?PR?LCM_W_TEST?LCD12864
  +--> ?PR?_LCM_W_WORD?LCD12864
  +--> ?CO?LCD12864

BL51 BANKED LINKER/LOCATER V6.22                                                      07/27/2013  10:39:10  PAGE 7


?PR?_WRITE1632GDRAM?LCD12864           -----    -----      0042H    0006H
  +--> ?PR?_WRITE_COM?LCD12864
  +--> ?PR?_WRITE_DATA?LCD12864

?PR?NONGLI?DISPLAYTIME                 -----    -----      003FH    0001H
  +--> ?PR?_READ_TIME?DS1302
  +--> ?PR?DISPLAYNL?DISPLAYTIME
  +--> ?PR?DISPLAYJIEQI?DISPLAYTIME
  +--> ?PR?DISPLAYSX?DISPLAYTIME

?PR?DISPLAYNL?DISPLAYTIME              -----    -----      -----    -----
  +--> ?PR?CONVERSION?LUNAR
  +--> ?PR?_WRITE_COM?LCD12864
  +--> ?PR?_WRITE_DATA?LCD12864
  +--> ?CO?DISPLAYTIME
  +--> ?PR?_LCM_W_WORD?LCD12864

?PR?DISPLAYJIEQI?DISPLAYTIME           -----    -----      0040H    0003H
  +--> ?PR?_READ_TIME?DS1302
  +--> ?PR?_JIEQI?LUNAR
  +--> ?PR?_WRITE_COM?LCD12864
  +--> ?CO?DISPLAYTIME
  +--> ?PR?_LCM_W_WORD?LCD12864

?PR?_JIEQI?LUNAR                       -----    -----      0043H    0006H
  +--> ?CO?LUNAR

?PR?DISPLAYSX?DISPLAYTIME              -----    -----      0040H    0002H
  +--> ?PR?_WRITE_COM?LCD12864
  +--> ?PR?_WRITE_DATA?LCD12864
  +--> ?CO?DISPLAYTIME
  +--> ?PR?_LCM_W_WORD?LCD12864

?PR?DS1820DISP?DS18B20                 -----    -----      -----    -----
  +--> ?PR?READ_TEMP?DS18B20
  +--> ?PR?_SET1616PIC?LCD12864
  +--> ?PR?_WRITE_COM?LCD12864
  +--> ?PR?_WRITE_DATA?LCD12864

?PR?READ_TEMP?DS18B20                  -----    -----      -----    -----
  +--> ?PR?DS1820RST?DS18B20
  +--> ?PR?_DS1820WR?DS18B20
  +--> ?PR?_DELAY_18B20?DS18B20
  +--> ?PR?DS1820RD?DS18B20

?PR?DS1820RST?DS18B20                  -----    -----      -----    -----
  +--> ?PR?_DELAY_18B20?DS18B20

?PR?_DELAY_18B20?DS18B20               -----    -----      -----    -----
  +--> ?PR?_DS1820WR?DS18B20

?PR?DS1820RD?DS18B20                   -----    -----      -----    -----
  +--> ?PR?_DELAY_18B20?DS18B20

?PR?_SET1616PIC?LCD12864               -----    -----      003FH    0004H
  +--> ?CO?FONT
  +--> ?PR?_WRITE1616GDRAM?LCD12864
BL51 BANKED LINKER/LOCATER V6.22                                                      07/27/2013  10:39:10  PAGE 8



?PR?_WRITE1616GDRAM?LCD12864           -----    -----      0043H    0007H
  +--> ?PR?_WRITE_COM?LCD12864
  +--> ?PR?_WRITE_DATA?LCD12864

?PR?AUTOTS?DS1302                      -----    -----      -----    -----
  +--> ?PR?_READ_TIME?DS1302
  +--> ?PR?_WRITE_TIME?DS1302

?PR?SCREEN2?DISPLAYTIME                -----    -----      -----    -----
  +--> ?PR?_WRITE_COM?LCD12864
  +--> ?CO?DISPLAYTIME
  +--> ?PR?_LCM_W_WORD?LCD12864
  +--> ?PR?_WRITE_DATA?LCD12864

?PR?SCREEN3?DISPLAYTIME                -----    -----      -----    -----
  +--> ?PR?_WRITE_COM?LCD12864
  +--> ?CO?DISPLAYTIME
  +--> ?PR?_LCM_W_WORD?LCD12864
  +--> ?PR?_WRITE_DATA?LCD12864

?PR?DIS_CHK_SAVE?DISPLAYTIME           -----    -----      -----    -----
  +--> ?PR?_WRITE_COM?LCD12864
  +--> ?CO?DISPLAYTIME
  +--> ?PR?_LCM_W_WORD?LCD12864

?PR?SCREEN4?DISPLAYTIME                -----    -----      -----    -----
  +--> ?PR?_WRITE_COM?LCD12864
  +--> ?CO?DISPLAYTIME
  +--> ?PR?_LCM_W_WORD?LCD12864

?PR?_NZ_XZ_SCREEN?DISPLAYTIME          -----    -----      003FH    0001H
  +--> ?PR?_WRITE_COM?LCD12864
  +--> ?CO?DISPLAYTIME
  +--> ?PR?_LCM_W_WORD?LCD12864
  +--> ?PR?_DIS_NZ_MODE?DISPLAYTIME

?PR?_DIS_NZ_MODE?DISPLAYTIME           -----    -----      0041H    0001H
  +--> ?PR?_WRITE_COM?LCD12864
  +--> ?CO?DISPLAYTIME
  +--> ?PR?_LCM_W_WORD?LCD12864

?PR?_NZ_SZ_SCREEN?DISPLAYTIME          -----    -----      003FH    0002H
  +--> ?PR?_WRITE_COM?LCD12864
  +--> ?CO?DISPLAYTIME
  +--> ?PR?_LCM_W_WORD?LCD12864
  +--> ?PR?_DIS_NZ_MODE?DISPLAYTIME

?PR?DIS_OTHER?DISPLAYTIME              -----    -----      -----    -----
  +--> ?PR?_WRITE_COM?LCD12864
  +--> ?CO?DISPLAYTIME
  +--> ?PR?_LCM_W_WORD?LCD12864

?PR?_WC_XZ_SCREEN?DISPLAYTIME          -----    -----      003FH    0002H
  +--> ?PR?_READ_TIME?DS1302
  +--> ?PR?_WRITE_COM?LCD12864
  +--> ?CO?DISPLAYTIME
BL51 BANKED LINKER/LOCATER V6.22                                                      07/27/2013  10:39:10  PAGE 9


  +--> ?PR?_LCM_W_WORD?LCD12864
  +--> ?PR?_WRITE_DATA?LCD12864
  +--> ?PR?LCM_W_TEST?LCD12864

?PR?CHK_MAX_DAY?DS1302                 -----    -----      -----    -----
  +--> ?CO?DS1302

?PR?SAVE_NZ?ALARMCLOCK                 -----    -----      -----    -----
  +--> ?PR?_WRITE_TIME?DS1302

?PR?DS1302_JIAOSHI?DS1302              -----    -----      -----    -----
  +--> ?PR?_WRITE_TIME?DS1302

?PR?_CHK_NZ?ALARMCLOCK                 -----    -----      003FH    0004H

?PR?_BUZZER_NZ?ALARMCLOCK              -----    -----      003FH    0001H
  +--> ?PR?NZ_BEEP?ALARMCLOCK
  +--> ?PR?SAVE_NZ?ALARMCLOCK

?PR?NZ_BEEP?ALARMCLOCK                 -----    -----      0040H    0002H
  +--> ?PR?DS1302_READ?DS1302
  +--> ?PR?DIS_NZ?DISPLAYTIME
  +--> ?PR?DIDI?ALARMCLOCK
  +--> ?PR?READ_KEY?KEYPRO
  +--> ?PR?LCM_CLR2?LCD12864
  +--> ?PR?CLEAN_12864_GDRAM?LCD12864

?PR?DIS_NZ?DISPLAYTIME                 -----    -----      -----    -----
  +--> ?PR?LCM_CLR2?LCD12864
  +--> ?PR?CLEAN_12864_GDRAM?LCD12864
  +--> ?PR?_WRITE_COM?LCD12864
  +--> ?CO?DISPLAYTIME
  +--> ?PR?_LCM_W_WORD?LCD12864
  +--> ?CO?FONT
  +--> ?PR?_WRITE1632GDRAM?LCD12864

?PR?DIDI?ALARMCLOCK                    -----    -----      -----    -----
  +--> ?PR?_DELAYMS?ALARMCLOCK



SYMBOL TABLE OF MODULE:  .\Obj\LCD12864 Calendar (MAIN)

  VALUE           TYPE          NAME
  ----------------------------------

  -------         MODULE        MAIN
  C:0000H         SYMBOL        _ICE_DUMMY_
  B:00A0H.3       PUBLIC        key4
  B:0080H.4       PUBLIC        key5
  D:0080H         PUBLIC        P0
  D:00A0H         PUBLIC        P2
  D:00B0H         PUBLIC        P3
  B:00A8H.7       PUBLIC        EA
  D:00A8H         PUBLIC        IE
  D:00B8H         PUBLIC        IP
  B:0080H.2       PUBLIC        LCM_PSB
BL51 BANKED LINKER/LOCATER V6.22                                                      07/27/2013  10:39:10  PAGE 10


  D:00D8H         PUBLIC        CCON
  B:00B0H.7       PUBLIC        buzzer
  C:4F3BH         PUBLIC        main
  B:00B0H.2       PUBLIC        IRIN
  D:0098H         PUBLIC        SCON
  D:0089H         PUBLIC        TMOD
  D:0088H         PUBLIC        TCON
  C:5082H         PUBLIC        main_init
  C:50A8H         PUBLIC        chk_main
  B:00A8H.1       PUBLIC        ET0
  B:00A0H.4       PUBLIC        LCM_BACKLIGHT
  D:008CH         PUBLIC        TH0
  D:008AH         PUBLIC        TL0
  B:0088H.4       PUBLIC        TR0
  D:00D0H         PUBLIC        PSW
  B:00A0H.0       PUBLIC        key1
  B:00A0H.1       PUBLIC        key2
  B:00A0H.2       PUBLIC        key3
  -------         PROC          MAIN
  C:4F3BH         LINE#         18
  C:4F3BH         LINE#         19
  C:4F3BH         LINE#         20
  C:4F3EH         LINE#         21
  C:4F41H         LINE#         22
  C:4F44H         LINE#         23
  C:4F47H         LINE#         25
  C:4F4AH         LINE#         26
  C:4F51H         LINE#         27
  C:4F54H         LINE#         28
  C:4F57H         LINE#         30
  C:4F5AH         LINE#         31
  C:4F61H         LINE#         32
  C:4F64H         LINE#         33
  C:4F67H         LINE#         35
  C:4F69H         LINE#         36
  C:4F70H         LINE#         37
  C:4F72H         LINE#         38
  -------         ENDPROC       MAIN
  -------         PROC          MAIN_INIT
  C:5082H         LINE#         45
  C:5082H         LINE#         46
  C:5082H         LINE#         47
  C:5084H         LINE#         48
  C:5086H         LINE#         50
  C:5088H         LINE#         51
  C:508AH         LINE#         52
  C:508CH         LINE#         53
  C:508EH         LINE#         54
  C:5090H         LINE#         56
  C:5092H         LINE#         57
  C:5095H         LINE#         58
  C:5098H         LINE#         59
  C:509BH         LINE#         60
  C:509DH         LINE#         61
  C:509FH         LINE#         62
  C:50A2H         LINE#         63
  C:50A5H         LINE#         64
BL51 BANKED LINKER/LOCATER V6.22                                                      07/27/2013  10:39:10  PAGE 11


  C:50A7H         LINE#         65
  -------         ENDPROC       MAIN_INIT
  -------         PROC          CHK_MAIN
  C:50A8H         LINE#         69
  C:50ACH         LINE#         71
  C:50AFH         LINE#         72
  C:50B2H         LINE#         73
  C:50B4H         LINE#         74
  C:50B9H         LINE#         75
  C:50B9H         LINE#         76
  C:50BCH         LINE#         77
  C:50BEH         LINE#         78
  C:50C3H         LINE#         79
  C:50C3H         LINE#         80
  C:50C6H         LINE#         81
  C:50C9H         LINE#         82
  C:50C9H         LINE#         83
  C:50C9H         LINE#         84
  -------         ENDPROC       CHK_MAIN
  -------         ENDMOD        MAIN

  -------         MODULE        LCD12864
  C:0000H         SYMBOL        _ICE_DUMMY_
  D:0080H         PUBLIC        P0
  D:0090H         PUBLIC        P1
  D:00A0H         PUBLIC        P2
  D:00B0H         PUBLIC        P3
  D:00A8H         PUBLIC        IE
  C:511AH         PUBLIC        lcm_clr2
  C:513FH         PUBLIC        lcm_clr3
  D:00B8H         PUBLIC        IP
  C:5031H         PUBLIC        Clean_12864_GDRAM
  C:4E72H         PUBLIC        _write12864GDRAM
  D:00D8H         PUBLIC        CCON
  C:4D78H         PUBLIC        _write_data
  C:51A9H         PUBLIC        _lcm_w_word
  D:0098H         PUBLIC        SCON
  D:0088H         PUBLIC        TCON
  C:532BH         PUBLIC        lcm_w_test
  C:5294H         PUBLIC        _write_com
  B:00B0H.3       PUBLIC        LCM_EN
  C:5254H         PUBLIC        lcm_init
  C:5164H         PUBLIC        _set1616pic
  C:52EAH         PUBLIC        chk_busy
  C:52FBH         PUBLIC        lcm_clr
  B:00B0H.5       PUBLIC        LCM_RS
  B:00B0H.4       PUBLIC        LCM_RW
  C:438EH         PUBLIC        _write1632GDRAM
  C:52A2H         PUBLIC        init_12864_GDRAM
  C:4B5FH         PUBLIC        _write1616GDRAM
  D:00D0H         PUBLIC        PSW
  -------         PROC          CHK_BUSY
  C:52EAH         LINE#         12
  C:52EAH         LINE#         13
  C:52EAH         LINE#         14
  C:52F0H         LINE#         15
  C:52F3H         LINE#         16
BL51 BANKED LINKER/LOCATER V6.22                                                      07/27/2013  10:39:10  PAGE 12


  C:52F8H         LINE#         17
  C:52FAH         LINE#         18
  -------         ENDPROC       CHK_BUSY
  C:5290H         SYMBOL        L?0089
  -------         PROC          L?0088
  -------         ENDPROC       L?0088
  C:5290H         SYMBOL        L?0089
  -------         PROC          _WRITE_COM
  D:0007H         SYMBOL        cmdcode
  C:5294H         LINE#         20
  C:5294H         LINE#         21
  C:5294H         LINE#         22
  C:5297H         LINE#         23
  C:529DH         LINE#         24
  C:529FH         LINE#         25
  C:52A1H         LINE#         26
  -------         ENDPROC       _WRITE_COM
  -------         PROC          L?0085
  -------         ENDPROC       L?0085
  -------         PROC          _WRITE_DATA
  D:0007H         SYMBOL        Dispdata
  C:4D78H         LINE#         28
  C:4D78H         LINE#         29
  C:4D78H         LINE#         30
  C:4D7BH         LINE#         31
  C:4D81H         LINE#         32
  C:4D83H         LINE#         33
  C:4D85H         LINE#         34
  -------         ENDPROC       _WRITE_DATA
  C:51A5H         SYMBOL        L?0087
  -------         PROC          L?0086
  -------         ENDPROC       L?0086
  C:51A5H         SYMBOL        L?0087
  -------         PROC          _LCM_W_WORD
  D:0001H         SYMBOL        s
  C:51A9H         LINE#         36
  C:51A9H         LINE#         37
  C:51A9H         LINE#         38
  C:51BEH         LINE#         39
  -------         ENDPROC       _LCM_W_WORD
  -------         PROC          LCM_W_TEST
  B:0020H.0       SYMBOL        i
  D:0042H         SYMBOL        word
  C:532BH         LINE#         41
  C:532BH         LINE#         42
  C:5330H         LINE#         43
  C:5333H         LINE#         44
  C:5333H         LINE#         45
  C:5336H         LINE#         46
  C:5336H         LINE#         47
  -------         ENDPROC       LCM_W_TEST
  -------         PROC          LCM_CLR
  C:52FBH         LINE#         49
  C:52FBH         LINE#         50
  C:52FBH         LINE#         51
  C:5300H         LINE#         52
  C:5305H         LINE#         53
BL51 BANKED LINKER/LOCATER V6.22                                                      07/27/2013  10:39:10  PAGE 13


  -------         ENDPROC       LCM_CLR
  -------         PROC          LCM_CLR2
  C:511AH         LINE#         58
  C:511AH         LINE#         59
  C:5122H         LINE#         60
  C:5125H         LINE#         62
  C:512DH         LINE#         63
  C:5130H         LINE#         65
  C:5138H         LINE#         66
  -------         ENDPROC       LCM_CLR2
  -------         PROC          LCM_CLR3
  C:513FH         LINE#         70
  C:513FH         LINE#         71
  C:5147H         LINE#         72
  C:514AH         LINE#         74
  C:5152H         LINE#         75
  C:5155H         LINE#         77
  C:515DH         LINE#         78
  -------         ENDPROC       LCM_CLR3
  -------         PROC          LCM_INIT
  C:5254H         LINE#         82
  C:5254H         LINE#         83
  C:5254H         LINE#         85
  C:5259H         LINE#         86
  C:525EH         LINE#         87
  C:5261H         LINE#         88
  C:5266H         LINE#         89
  -------         ENDPROC       LCM_INIT
  -------         PROC          _WRITE1616GDRAM
  D:0043H         SYMBOL        x
  D:0005H         SYMBOL        y
  D:0045H         SYMBOL        sign
  D:0046H         SYMBOL        bmp
  -------         DO            
  D:0006H         SYMBOL        i
  D:0004H         SYMBOL        j
  D:0049H         SYMBOL        basex
  -------         ENDDO         
  C:4B5FH         LINE#         96
  C:4B63H         LINE#         97
  C:4B63H         LINE#         99
  C:4B68H         LINE#         100
  C:4B70H         LINE#         101
  C:4B70H         LINE#         102
  C:4B73H         LINE#         103
  C:4B79H         LINE#         104
  C:4B79H         LINE#         105
  C:4B81H         LINE#         106
  C:4B81H         LINE#         107
  C:4B84H         LINE#         108
  C:4B8BH         LINE#         109
  C:4B8BH         LINE#         110
  C:4B8DH         LINE#         111
  C:4B8DH         LINE#         112
  C:4B95H         LINE#         113
  C:4B9EH         LINE#         115
  C:4BA0H         LINE#         116
BL51 BANKED LINKER/LOCATER V6.22                                                      07/27/2013  10:39:10  PAGE 14


  C:4BA0H         LINE#         117
  C:4BA5H         LINE#         118
  C:4BB9H         LINE#         120
  C:4BCEH         LINE#         121
  C:4BD2H         LINE#         122
  C:4BD6H         LINE#         123
  -------         ENDPROC       _WRITE1616GDRAM
  -------         PROC          _SET1616PIC
  D:003FH         SYMBOL        x
  D:0040H         SYMBOL        y
  D:0041H         SYMBOL        sign
  D:0042H         SYMBOL        tt
  -------         DO            
  D:0001H         SYMBOL        pp
  -------         ENDDO         
  C:5164H         LINE#         131
  C:516AH         LINE#         132
  C:516AH         LINE#         134
  C:516EH         LINE#         135
  -------         ENDPROC       _SET1616PIC
  -------         PROC          _WRITE1632GDRAM
  D:0042H         SYMBOL        x
  D:0005H         SYMBOL        y
  D:0043H         SYMBOL        bmp
  -------         DO            
  D:0006H         SYMBOL        i
  D:0046H         SYMBOL        j
  D:0047H         SYMBOL        basex
  D:0004H         SYMBOL        basey
  -------         ENDDO         
  C:438EH         LINE#         142
  C:4396H         LINE#         143
  C:4396H         LINE#         145
  C:43A5H         LINE#         146
  C:43A5H         LINE#         147
  C:43A5H         LINE#         148
  C:43AAH         LINE#         149
  C:43ADH         LINE#         150
  C:43ADH         LINE#         151
  C:43ADH         LINE#         152
  C:43B3H         LINE#         153
  C:43B8H         LINE#         154
  C:43C2H         LINE#         155
  C:43C2H         LINE#         156
  C:43C4H         LINE#         157
  C:43C4H         LINE#         158
  C:43C7H         LINE#         160
  C:43CCH         LINE#         161
  C:43CFH         LINE#         162
  C:43EDH         LINE#         163
  C:43F1H         LINE#         164
  C:43F1H         LINE#         165
  C:43F6H         LINE#         166
  C:43F6H         LINE#         167
  C:43F7H         LINE#         168
  C:43F7H         LINE#         169
  C:43FEH         LINE#         171
BL51 BANKED LINKER/LOCATER V6.22                                                      07/27/2013  10:39:10  PAGE 15


  C:4403H         LINE#         172
  C:4406H         LINE#         173
  C:4424H         LINE#         174
  C:4428H         LINE#         175
  C:442AH         LINE#         176
  C:442AH         LINE#         177
  C:442DH         LINE#         178
  C:4434H         LINE#         179
  C:4437H         LINE#         180
  C:4455H         LINE#         181
  C:4459H         LINE#         182
  C:4459H         LINE#         183
  C:445EH         LINE#         184
  -------         ENDPROC       _WRITE1632GDRAM
  -------         PROC          INIT_12864_GDRAM
  C:52A2H         LINE#         189
  C:52A2H         LINE#         190
  C:52A2H         LINE#         192
  C:52A7H         LINE#         193
  C:52ACH         LINE#         194
  C:52B1H         LINE#         195
  -------         ENDPROC       INIT_12864_GDRAM
  -------         PROC          CLEAN_12864_GDRAM
  -------         DO            
  D:0005H         SYMBOL        x
  D:0006H         SYMBOL        y
  -------         ENDDO         
  C:5031H         LINE#         203
  C:5031H         LINE#         204
  C:5031H         LINE#         206
  C:5036H         LINE#         207
  C:5039H         LINE#         208
  C:503EH         LINE#         209
  C:5040H         LINE#         210
  C:5040H         LINE#         211
  C:5043H         LINE#         212
  C:5048H         LINE#         213
  C:504AH         LINE#         214
  C:504AH         LINE#         215
  C:504FH         LINE#         216
  C:5052H         LINE#         217
  C:5056H         LINE#         218
  C:505AH         LINE#         219
  -------         ENDPROC       CLEAN_12864_GDRAM
  -------         PROC          _WRITE12864GDRAM
  D:003DH         SYMBOL        img
  -------         DO            
  D:0005H         SYMBOL        i
  D:0004H         SYMBOL        j
  -------         ENDDO         
  C:4E72H         LINE#         245
  C:4E76H         LINE#         246
  C:4E76H         LINE#         248
  C:4E78H         LINE#         249
  C:4E78H         LINE#         250
  C:4E7AH         LINE#         251
  C:4E7AH         LINE#         252
BL51 BANKED LINKER/LOCATER V6.22                                                      07/27/2013  10:39:10  PAGE 16


  C:4E7FH         LINE#         253
  C:4E86H         LINE#         254
  C:4E89H         LINE#         255
  C:4E89H         LINE#         256
  C:4E89H         LINE#         257
  C:4E8CH         LINE#         258
  C:4E90H         LINE#         259
  C:4E94H         LINE#         260
  C:4E96H         LINE#         261
  C:4E96H         LINE#         262
  C:4E98H         LINE#         263
  C:4E98H         LINE#         264
  C:4E9DH         LINE#         265
  C:4EA4H         LINE#         266
  C:4EA7H         LINE#         267
  C:4EA7H         LINE#         268
  C:4EA7H         LINE#         269
  C:4EAAH         LINE#         270
  C:4EAEH         LINE#         271
  C:4EB2H         LINE#         272
  -------         ENDPROC       _WRITE12864GDRAM
  -------         ENDMOD        LCD12864

  -------         MODULE        DISPLAYTIME
  C:0000H         SYMBOL        _ICE_DUMMY_
  D:0080H         PUBLIC        P0
  D:00A0H         PUBLIC        P2
  D:00B0H         PUBLIC        P3
  C:3B73H         PUBLIC        _screen
  D:0008H         PUBLIC        key_beep_op
  C:4523H         PUBLIC        dis_nz
  C:505BH         PUBLIC        nongli
  D:00A8H         PUBLIC        IE
  C:3898H         PUBLIC        displayjieqi
  C:4794H         PUBLIC        _dis_nz_mode
  C:3F4EH         PUBLIC        _wc_xz_screen
  D:0009H         PUBLIC        jieri_flag
  D:00B8H         PUBLIC        IP
  C:28F1H         PUBLIC        _nz_sz_screen
  C:4A64H         PUBLIC        displaydate
  D:000AH         PUBLIC        cdds_flag
  D:000BH         PUBLIC        cdds
  C:2C1DH         PUBLIC        _nz_xz_screen
  C:5343H         PUBLIC        welcome1
  C:4EF9H         PUBLIC        welcome2
  D:00D8H         PUBLIC        CCON
  B:00B0H.7       PUBLIC        buzzer
  I:005AH         PUBLIC        nz_op
  C:429BH         PUBLIC        displaytime
  D:0098H         PUBLIC        SCON
  C:52B4H         PUBLIC        screen1
  D:0088H         PUBLIC        TCON
  C:4C52H         PUBLIC        screen2
  C:41A5H         PUBLIC        screen3
  C:4CC4H         PUBLIC        screen4
  C:2496H         PUBLIC        displayJr
  C:50CEH         PUBLIC        displayday
BL51 BANKED LINKER/LOCATER V6.22                                                      07/27/2013  10:39:10  PAGE 17


  D:000CH         PUBLIC        sec
  D:000DH         PUBLIC        zdjs
  D:000EH         PUBLIC        dis_flag
  B:0020H.5       PUBLIC        ssok
  D:000FH         PUBLIC        dis_other_flag
  D:0010H         PUBLIC        sel
  D:0011H         PUBLIC        min
  D:0012H         PUBLIC        month_moon
  C:407AH         PUBLIC        dis_other
  D:0013H         PUBLIC        dd
  D:0014H         PUBLIC        nongli_op
  D:0015H         PUBLIC        year_moon
  C:3459H         PUBLIC        displaynl
  D:0016H         PUBLIC        jieri_op
  D:0017H         PUBLIC        day_moon
  D:0018H         PUBLIC        mo
  C:4660H         PUBLIC        displayxq
  I:005BH         PUBLIC        nz_flag
  D:0019H         PUBLIC        ts_n0
  C:31C9H         PUBLIC        displaysx
  D:001AH         PUBLIC        ts_n1
  D:001BH         PUBLIC        ts_n2
  I:005CH         PUBLIC        nz
  D:001CH         PUBLIC        ts_n3
  C:4EB7H         PUBLIC        dis_chk_save
  I:006BH         PUBLIC        zt
  D:001DH         PUBLIC        yy
  D:00D0H         PUBLIC        PSW
  -------         PROC          DISPLAYDATE
  C:4A64H         LINE#         26
  C:4A64H         LINE#         27
  C:4A64H         LINE#         28
  C:4A69H         LINE#         29
  C:4A6EH         LINE#         32
  C:4A73H         LINE#         33
  C:4A7CH         LINE#         34
  C:4A83H         LINE#         35
  C:4A8EH         LINE#         36
  C:4A98H         LINE#         39
  C:4A9FH         LINE#         40
  C:4AA8H         LINE#         45
  C:4AB3H         LINE#         46
  C:4ABDH         LINE#         50
  C:4AC4H         LINE#         51
  C:4ACDH         LINE#         52
  C:4AD8H         LINE#         53
  -------         ENDPROC       DISPLAYDATE
  -------         PROC          DISPLAYXQ
  C:4660H         LINE#         57
  C:4660H         LINE#         60
  C:4667H         LINE#         61
  C:466EH         LINE#         62
  C:4675H         LINE#         64
  C:4683H         LINE#         65
  C:4686H         LINE#         67
  C:468BH         LINE#         68
  C:4698H         LINE#         69
BL51 BANKED LINKER/LOCATER V6.22                                                      07/27/2013  10:39:10  PAGE 18


  C:46A6H         LINE#         70
  C:46B4H         LINE#         71
  C:46C2H         LINE#         73
  C:46D1H         LINE#         74
  C:46DFH         LINE#         75
  C:46EDH         LINE#         77
  C:46F2H         LINE#         78
  -------         ENDPROC       DISPLAYXQ
  -------         PROC          DISPLAYTIME
  C:429BH         LINE#         82
  C:429BH         LINE#         83
  C:429BH         LINE#         84
  C:42A5H         LINE#         85
  C:42A8H         LINE#         91
  C:42B2H         LINE#         92
  C:42B2H         LINE#         93
  C:42BDH         LINE#         94
  C:42C4H         LINE#         96
  C:42C4H         LINE#         97
  C:42CBH         LINE#         98
  C:42CBH         LINE#         99
  C:42CDH         LINE#         100
  C:42CDH         LINE#         101
  C:42E7H         LINE#         102
  C:4300H         LINE#         103
  C:430DH         LINE#         106
  C:4314H         LINE#         107
  C:432EH         LINE#         108
  C:4347H         LINE#         109
  C:4354H         LINE#         112
  C:435BH         LINE#         113
  C:4375H         LINE#         114
  -------         ENDPROC       DISPLAYTIME
  -------         PROC          DISPLAYSX
  -------         DO            
  D:0007H         SYMBOL        LunarYearD
  D:0040H         SYMBOL        ReYear
  D:0005H         SYMBOL        tiangan
  D:0041H         SYMBOL        dizhi
  -------         ENDDO         
  C:31C9H         LINE#         117
  C:31C9H         LINE#         121
  C:31D8H         LINE#         122
  C:31E8H         LINE#         123
  C:31F0H         LINE#         124
  C:31F7H         LINE#         125
  C:31F9H         LINE#         127
  C:3229H         LINE#         128
  C:3229H         LINE#         130
  C:323AH         LINE#         131
  C:3247H         LINE#         132
  C:3254H         LINE#         133
  C:3261H         LINE#         134
  C:326EH         LINE#         135
  C:327BH         LINE#         136
  C:3288H         LINE#         137
  C:3295H         LINE#         138
BL51 BANKED LINKER/LOCATER V6.22                                                      07/27/2013  10:39:10  PAGE 19


  C:32A2H         LINE#         139
  C:32B0H         LINE#         140
  C:32B0H         LINE#         142
  C:32E5H         LINE#         143
  C:32E5H         LINE#         144
  C:32F3H         LINE#         145
  C:3301H         LINE#         146
  C:330EH         LINE#         147
  C:331BH         LINE#         148
  C:3328H         LINE#         149
  C:3335H         LINE#         150
  C:3342H         LINE#         151
  C:334FH         LINE#         152
  C:335CH         LINE#         153
  C:3369H         LINE#         154
  C:3376H         LINE#         155
  C:3384H         LINE#         156
  C:3384H         LINE#         158
  C:33B9H         LINE#         159
  C:33B9H         LINE#         160
  C:33C7H         LINE#         161
  C:33D5H         LINE#         162
  C:33E2H         LINE#         163
  C:33EFH         LINE#         164
  C:33FCH         LINE#         165
  C:3409H         LINE#         166
  C:3416H         LINE#         167
  C:3423H         LINE#         168
  C:3430H         LINE#         169
  C:343DH         LINE#         170
  C:344AH         LINE#         171
  C:3458H         LINE#         172
  C:3458H         LINE#         173
  -------         ENDPROC       DISPLAYSX
  -------         PROC          DISPLAYNL
  C:3459H         LINE#         176
  C:3459H         LINE#         177
  C:3459H         LINE#         179
  C:3469H         LINE#         180
  C:3478H         LINE#         184
  C:3487H         LINE#         185
  C:3495H         LINE#         187
  C:34A4H         LINE#         188
  C:34B2H         LINE#         189
  C:34C0H         LINE#         190
  C:34CEH         LINE#         191
  C:34DCH         LINE#         192
  C:34EAH         LINE#         193
  C:34F8H         LINE#         194
  C:3506H         LINE#         195
  C:3514H         LINE#         196
  C:3522H         LINE#         197
  C:352BH         LINE#         201
  C:353CH         LINE#         202
  C:3547H         LINE#         203
  C:356CH         LINE#         204
  C:3573H         LINE#         205
BL51 BANKED LINKER/LOCATER V6.22                                                      07/27/2013  10:39:10  PAGE 20


  C:357EH         LINE#         206
  C:35A3H         LINE#         207
  C:35AAH         LINE#         208
  C:35BEH         LINE#         212
  C:35D2H         LINE#         213
  C:35E6H         LINE#         214
  C:35FBH         LINE#         215
  C:360FH         LINE#         216
  C:3623H         LINE#         217
  C:3637H         LINE#         218
  C:364BH         LINE#         219
  C:365FH         LINE#         220
  C:3673H         LINE#         221
  C:3686H         LINE#         273
  -------         ENDPROC       DISPLAYNL
  -------         PROC          DISPLAYJIEQI
  -------         DO            
  D:0040H         SYMBOL        dd
  D:0041H         SYMBOL        mo
  D:0007H         SYMBOL        yy
  D:0042H         SYMBOL        j
  -------         ENDDO         
  C:3898H         LINE#         277
  C:3898H         LINE#         278
  C:3898H         LINE#         281
  C:389FH         LINE#         282
  C:38A6H         LINE#         283
  C:38ABH         LINE#         284
  C:38BAH         LINE#         285
  C:38C9H         LINE#         287
  C:38D7H         LINE#         288
  C:38E5H         LINE#         289
  C:38F3H         LINE#         290
  C:3901H         LINE#         291
  C:390FH         LINE#         292
  C:391DH         LINE#         293
  C:392BH         LINE#         294
  C:3939H         LINE#         295
  C:3947H         LINE#         296
  C:3955H         LINE#         297
  C:3963H         LINE#         298
  C:3971H         LINE#         299
  C:397FH         LINE#         300
  C:398DH         LINE#         301
  C:399BH         LINE#         302
  C:39A9H         LINE#         303
  C:39B7H         LINE#         304
  C:39C5H         LINE#         305
  C:39D3H         LINE#         306
  C:39E1H         LINE#         307
  C:39EFH         LINE#         308
  C:39FDH         LINE#         309
  C:3A0BH         LINE#         310
  C:3A19H         LINE#         312
  -------         ENDPROC       DISPLAYJIEQI
  -------         PROC          NONGLI
  -------         DO            
BL51 BANKED LINKER/LOCATER V6.22                                                      07/27/2013  10:39:10  PAGE 21


  D:003FH         SYMBOL        ss
  -------         ENDDO         
  C:505BH         LINE#         314
  C:505BH         LINE#         315
  C:505BH         LINE#         317
  C:5062H         LINE#         318
  C:506BH         LINE#         319
  C:5076H         LINE#         320
  C:5081H         LINE#         321
  -------         ENDPROC       NONGLI
  -------         PROC          DISPLAYJR
  C:2496H         LINE#         323
  C:2496H         LINE#         324
  C:2496H         LINE#         325
  C:24A6H         LINE#         327
  C:24B0H         LINE#         328
  C:24B5H         LINE#         330
  C:24C8H         LINE#         331
  C:24DBH         LINE#         332
  C:24EEH         LINE#         336
  C:2501H         LINE#         337
  C:2514H         LINE#         340
  C:2527H         LINE#         341
  C:253AH         LINE#         342
  C:254DH         LINE#         343
  C:2560H         LINE#         344
  C:2573H         LINE#         347
  C:2586H         LINE#         348
  C:2599H         LINE#         351
  C:25ACH         LINE#         352
  C:25BFH         LINE#         353
  C:25D2H         LINE#         354
  C:25E5H         LINE#         355
  C:25F8H         LINE#         358
  C:260BH         LINE#         359
  C:261EH         LINE#         360
  C:2631H         LINE#         361
  C:2644H         LINE#         364
  C:2657H         LINE#         367
  C:266AH         LINE#         368
  C:267DH         LINE#         370
  C:2690H         LINE#         371
  C:26A3H         LINE#         374
  C:26B6H         LINE#         375
  C:26C9H         LINE#         376
  C:26DCH         LINE#         379
  C:26EFH         LINE#         383
  C:2702H         LINE#         384
  C:2715H         LINE#         385
  C:2728H         LINE#         386
  C:273BH         LINE#         387
  C:274EH         LINE#         388
  C:2761H         LINE#         391
  C:2774H         LINE#         392
  C:2787H         LINE#         393
  C:279AH         LINE#         394
  C:27ADH         LINE#         395
BL51 BANKED LINKER/LOCATER V6.22                                                      07/27/2013  10:39:10  PAGE 22


  C:27C0H         LINE#         396
  C:27D3H         LINE#         399
  C:27E6H         LINE#         400
  C:27F9H         LINE#         401
  C:280CH         LINE#         402
  C:281FH         LINE#         403
  C:2832H         LINE#         404
  C:2845H         LINE#         406
  C:2858H         LINE#         407
  C:286BH         LINE#         409
  C:287EH         LINE#         410
  C:2891H         LINE#         411
  C:28A4H         LINE#         412
  C:28B7H         LINE#         413
  C:28CAH         LINE#         414
  C:28DDH         LINE#         415
  C:28F0H         LINE#         417
  -------         ENDPROC       DISPLAYJR
  -------         PROC          DISPLAYDAY
  -------         DO            
  D:003FH         SYMBOL        sec
  -------         ENDDO         
  C:50CEH         LINE#         419
  C:50CEH         LINE#         420
  C:50CEH         LINE#         422
  C:50D5H         LINE#         423
  C:50E5H         LINE#         424
  C:50F3H         LINE#         425
  -------         ENDPROC       DISPLAYDAY
  -------         PROC          DIS_NZ
  C:4523H         LINE#         429
  C:4523H         LINE#         430
  C:4523H         LINE#         431
  C:4526H         LINE#         432
  C:4529H         LINE#         433
  C:4533H         LINE#         434
  C:4538H         LINE#         435
  C:4541H         LINE#         437
  C:4546H         LINE#         438
  C:454FH         LINE#         441
  C:4569H         LINE#         442
  C:4582H         LINE#         443
  C:458FH         LINE#         444
  C:45A9H         LINE#         445
  -------         ENDPROC       DIS_NZ
  -------         PROC          _SCREEN
  D:0007H         SYMBOL        com
  C:3B73H         LINE#         452
  C:3B73H         LINE#         453
  C:3B73H         LINE#         454
  C:3BE3H         LINE#         455
  C:3BE3H         LINE#         456
  C:3BF0H         LINE#         457
  C:3BF0H         LINE#         458
  C:3BF3H         LINE#         459
  C:3BF6H         LINE#         461
  C:3BF6H         LINE#         462
BL51 BANKED LINKER/LOCATER V6.22                                                      07/27/2013  10:39:10  PAGE 23


  C:3BF6H         LINE#         463
  C:3BF9H         LINE#         464
  C:3BF9H         LINE#         465
  C:3BFEH         LINE#         466
  C:3C04H         LINE#         467
  C:3C04H         LINE#         468
  C:3C06H         LINE#         469
  C:3C0BH         LINE#         470
  C:3C11H         LINE#         471
  C:3C11H         LINE#         472
  C:3C13H         LINE#         473
  C:3C18H         LINE#         474
  C:3C1EH         LINE#         475
  C:3C1EH         LINE#         476
  C:3C20H         LINE#         477
  C:3C25H         LINE#         478
  C:3C2BH         LINE#         479
  C:3C2BH         LINE#         480
  C:3C2DH         LINE#         481
  C:3C32H         LINE#         482
  C:3C38H         LINE#         483
  C:3C38H         LINE#         484
  C:3C3AH         LINE#         485
  C:3C3FH         LINE#         486
  C:3C48H         LINE#         487
  C:3C4BH         LINE#         488
  C:3C4BH         LINE#         489
  C:3C4EH         LINE#         490
  C:3C4EH         LINE#         491
  C:3C51H         LINE#         492
  C:3C51H         LINE#         493
  C:3C53H         LINE#         494
  C:3C55H         LINE#         495
  C:3C57H         LINE#         496
  C:3C59H         LINE#         497
  C:3C5BH         LINE#         498
  C:3C5DH         LINE#         499
  C:3C5FH         LINE#         500
  C:3C61H         LINE#         501
  C:3C66H         LINE#         502
  C:3C66H         LINE#         503
  C:3C68H         LINE#         504
  C:3C6AH         LINE#         505
  C:3C6DH         LINE#         506
  C:3C6FH         LINE#         507
  C:3C73H         LINE#         508
  C:3C75H         LINE#         509
  C:3C79H         LINE#         510
  C:3C7BH         LINE#         511
  C:3C7FH         LINE#         512
  C:3C81H         LINE#         513
  C:3C85H         LINE#         514
  C:3C87H         LINE#         515
  C:3C8BH         LINE#         516
  C:3C8DH         LINE#         517
  C:3C91H         LINE#         518
  C:3C93H         LINE#         519
BL51 BANKED LINKER/LOCATER V6.22                                                      07/27/2013  10:39:10  PAGE 24


  C:3C97H         LINE#         520
  C:3C99H         LINE#         521
  C:3C9DH         LINE#         522
  C:3C9FH         LINE#         523
  C:3CA3H         LINE#         524
  C:3CA5H         LINE#         525
  C:3CA9H         LINE#         526
  C:3CABH         LINE#         527
  C:3CAFH         LINE#         528
  C:3CB1H         LINE#         529
  C:3CB5H         LINE#         530
  C:3CB7H         LINE#         531
  C:3CBEH         LINE#         532
  C:3CBEH         LINE#         533
  C:3CC1H         LINE#         534
  C:3CC1H         LINE#         535
  C:3CC6H         LINE#         536
  C:3CC6H         LINE#         537
  C:3CC6H         LINE#         538
  C:3CC6H         LINE#         539
  -------         ENDPROC       _SCREEN
  -------         PROC          DIS_OTHER
  C:407AH         LINE#         544
  C:407AH         LINE#         545
  C:407AH         LINE#         546
  C:4084H         LINE#         547
  C:4089H         LINE#         548
  C:4092H         LINE#         549
  C:4097H         LINE#         550
  C:40A0H         LINE#         551
  C:40A5H         LINE#         552
  C:40AEH         LINE#         553
  C:40B3H         LINE#         554
  C:40BCH         LINE#         555
  C:40C0H         LINE#         556
  C:40C0H         LINE#         557
  C:40C5H         LINE#         558
  C:40CEH         LINE#         559
  C:40D3H         LINE#         560
  C:40DCH         LINE#         561
  C:40E1H         LINE#         562
  C:40EAH         LINE#         563
  C:40EAH         LINE#         564
  C:40F0H         LINE#         565
  C:40F0H         LINE#         566
  C:40F5H         LINE#         567
  C:40FEH         LINE#         568
  C:4103H         LINE#         569
  C:410CH         LINE#         570
  C:4111H         LINE#         571
  C:411AH         LINE#         572
  C:411AH         LINE#         573
  C:4120H         LINE#         574
  C:4120H         LINE#         575
  C:4125H         LINE#         576
  C:412EH         LINE#         577
  C:4133H         LINE#         578
BL51 BANKED LINKER/LOCATER V6.22                                                      07/27/2013  10:39:10  PAGE 25


  C:413CH         LINE#         579
  C:4141H         LINE#         580
  C:414AH         LINE#         581
  C:414AH         LINE#         582
  C:4151H         LINE#         583
  C:4151H         LINE#         584
  C:4154H         LINE#         585
  C:415AH         LINE#         586
  C:415CH         LINE#         588
  C:415FH         LINE#         589
  C:4168H         LINE#         590
  C:4168H         LINE#         591
  C:416FH         LINE#         592
  C:416FH         LINE#         593
  C:4172H         LINE#         594
  C:4178H         LINE#         595
  C:417AH         LINE#         597
  C:417AH         LINE#         598
  C:417DH         LINE#         599
  C:4186H         LINE#         600
  C:4186H         LINE#         601
  C:418DH         LINE#         602
  C:418DH         LINE#         603
  C:4190H         LINE#         604
  C:4196H         LINE#         605
  C:4198H         LINE#         607
  C:4198H         LINE#         608
  C:419BH         LINE#         609
  C:41A4H         LINE#         610
  C:41A4H         LINE#         611
  -------         ENDPROC       DIS_OTHER
  -------         PROC          _WC_XZ_SCREEN
  D:003FH         SYMBOL        autotsf
  -------         DO            
  D:0040H         SYMBOL        ssov
  -------         ENDDO         
  C:3F4EH         LINE#         616
  C:3F50H         LINE#         617
  C:3F50H         LINE#         619
  C:3F57H         LINE#         620
  C:3F5EH         LINE#         621
  C:3F68H         LINE#         622
  C:3F6DH         LINE#         623
  C:3F76H         LINE#         625
  C:3F7BH         LINE#         626
  C:3F84H         LINE#         627
  C:3F89H         LINE#         628
  C:3F92H         LINE#         629
  C:3F96H         LINE#         630
  C:3F96H         LINE#         631
  C:3F9BH         LINE#         632
  C:3FA5H         LINE#         633
  C:3FAAH         LINE#         634
  C:3FB3H         LINE#         635
  C:3FB8H         LINE#         636
  C:3FC1H         LINE#         637
  C:3FC1H         LINE#         638
BL51 BANKED LINKER/LOCATER V6.22                                                      07/27/2013  10:39:10  PAGE 26


  C:3FC7H         LINE#         639
  C:3FC7H         LINE#         640
  C:3FCCH         LINE#         641
  C:3FD6H         LINE#         642
  C:3FDBH         LINE#         643
  C:3FE4H         LINE#         644
  C:3FF4H         LINE#         645
  C:3FFCH         LINE#         646
  C:4006H         LINE#         647
  C:400FH         LINE#         648
  C:4014H         LINE#         649
  C:401DH         LINE#         650
  C:401DH         LINE#         651
  C:4023H         LINE#         652
  C:4023H         LINE#         653
  C:4028H         LINE#         654
  C:4032H         LINE#         655
  C:4037H         LINE#         656
  C:4040H         LINE#         657
  C:4050H         LINE#         658
  C:4058H         LINE#         659
  C:4062H         LINE#         660
  C:406BH         LINE#         661
  C:4070H         LINE#         662
  C:4079H         LINE#         663
  C:4079H         LINE#         664
  -------         ENDPROC       _WC_XZ_SCREEN
  -------         PROC          _NZ_XZ_SCREEN
  D:003FH         SYMBOL        com
  C:2C1DH         LINE#         670
  C:2C1FH         LINE#         671
  C:2C1FH         LINE#         672
  C:2C29H         LINE#         673
  C:2C2EH         LINE#         674
  C:2C37H         LINE#         676
  C:2C3CH         LINE#         677
  C:2C45H         LINE#         678
  C:2C4AH         LINE#         679
  C:2C53H         LINE#         681
  C:2C58H         LINE#         682
  C:2C65H         LINE#         683
  C:2C73H         LINE#         684
  C:2C81H         LINE#         685
  C:2C8FH         LINE#         686
  C:2C9DH         LINE#         688
  C:2CA2H         LINE#         689
  C:2CB2H         LINE#         690
  C:2CBDH         LINE#         691
  C:2CCBH         LINE#         692
  C:2CD9H         LINE#         693
  C:2CE7H         LINE#         694
  C:2CF5H         LINE#         695
  C:2D03H         LINE#         696
  C:2D11H         LINE#         697
  C:2D1FH         LINE#         698
  C:2D2DH         LINE#         699
  C:2D3BH         LINE#         700
BL51 BANKED LINKER/LOCATER V6.22                                                      07/27/2013  10:39:10  PAGE 27


  C:2D4CH         LINE#         701
  C:2D59H         LINE#         702
  C:2D67H         LINE#         703
  C:2D75H         LINE#         704
  C:2D83H         LINE#         705
  C:2D91H         LINE#         706
  C:2D9FH         LINE#         707
  C:2DADH         LINE#         708
  C:2DBBH         LINE#         709
  C:2DC9H         LINE#         710
  C:2DD7H         LINE#         711
  C:2DE0H         LINE#         712
  C:2DF0H         LINE#         713
  C:2DFBH         LINE#         714
  C:2E09H         LINE#         715
  C:2E17H         LINE#         716
  C:2E25H         LINE#         717
  C:2E33H         LINE#         718
  C:2E41H         LINE#         719
  C:2E4FH         LINE#         720
  C:2E5DH         LINE#         721
  C:2E6BH         LINE#         722
  C:2E79H         LINE#         723
  C:2E8AH         LINE#         724
  C:2E97H         LINE#         725
  C:2EA5H         LINE#         726
  C:2EB3H         LINE#         727
  C:2EC1H         LINE#         728
  C:2ECFH         LINE#         729
  C:2EDDH         LINE#         730
  C:2EEBH         LINE#         731
  C:2EF9H         LINE#         732
  C:2F07H         LINE#         733
  C:2F15H         LINE#         734
  -------         ENDPROC       _NZ_XZ_SCREEN
  -------         PROC          _DIS_NZ_MODE
  D:0041H         SYMBOL        com
  C:4794H         LINE#         739
  C:4796H         LINE#         740
  C:4796H         LINE#         741
  C:47A0H         LINE#         742
  C:47A5H         LINE#         743
  C:47B1H         LINE#         744
  C:47B1H         LINE#         745
  C:47BAH         LINE#         746
  C:47BAH         LINE#         747
  C:47C7H         LINE#         748
  C:47C7H         LINE#         749
  C:47D0H         LINE#         750
  C:47D0H         LINE#         751
  C:47DDH         LINE#         752
  C:47DDH         LINE#         753
  C:47E6H         LINE#         754
  C:47E6H         LINE#         755
  C:47F3H         LINE#         756
  C:47F3H         LINE#         757
  C:47FCH         LINE#         758
BL51 BANKED LINKER/LOCATER V6.22                                                      07/27/2013  10:39:10  PAGE 28


  C:47FCH         LINE#         759
  C:4809H         LINE#         760
  C:4809H         LINE#         761
  C:4812H         LINE#         762
  C:4812H         LINE#         763
  C:481FH         LINE#         764
  C:481FH         LINE#         765
  C:4828H         LINE#         766
  C:4828H         LINE#         767
  -------         ENDPROC       _DIS_NZ_MODE
  -------         PROC          _NZ_SZ_SCREEN
  D:003FH         SYMBOL        com
  D:0040H         SYMBOL        co
  C:28F1H         LINE#         774
  C:28F5H         LINE#         775
  C:28F5H         LINE#         776
  C:28FFH         LINE#         777
  C:2904H         LINE#         778
  C:290DH         LINE#         780
  C:2912H         LINE#         781
  C:291BH         LINE#         782
  C:291FH         LINE#         783
  C:291FH         LINE#         784
  C:2928H         LINE#         785
  C:2928H         LINE#         786
  C:292DH         LINE#         787
  C:292DH         LINE#         788
  C:2936H         LINE#         789
  C:2936H         LINE#         790
  C:293BH         LINE#         791
  C:293BH         LINE#         792
  C:2944H         LINE#         793
  C:2944H         LINE#         794
  C:2949H         LINE#         795
  C:2952H         LINE#         796
  C:295FH         LINE#         797
  C:296DH         LINE#         798
  C:297BH         LINE#         799
  C:2989H         LINE#         800
  C:2997H         LINE#         801
  C:29A0H         LINE#         802
  C:29A5H         LINE#         803
  C:29B5H         LINE#         804
  C:29C0H         LINE#         805
  C:29CEH         LINE#         806
  C:29DCH         LINE#         807
  C:29EAH         LINE#         808
  C:29F8H         LINE#         809
  C:2A06H         LINE#         810
  C:2A14H         LINE#         811
  C:2A22H         LINE#         812
  C:2A30H         LINE#         813
  C:2A3EH         LINE#         814
  C:2A4FH         LINE#         815
  C:2A5CH         LINE#         816
  C:2A6AH         LINE#         817
  C:2A78H         LINE#         818
BL51 BANKED LINKER/LOCATER V6.22                                                      07/27/2013  10:39:10  PAGE 29


  C:2A86H         LINE#         819
  C:2A94H         LINE#         820
  C:2AA2H         LINE#         821
  C:2AB0H         LINE#         822
  C:2ABEH         LINE#         823
  C:2ACCH         LINE#         824
  C:2ADAH         LINE#         825
  C:2AE3H         LINE#         826
  C:2AF3H         LINE#         827
  C:2AFEH         LINE#         828
  C:2B0CH         LINE#         829
  C:2B1AH         LINE#         830
  C:2B28H         LINE#         831
  C:2B36H         LINE#         832
  C:2B44H         LINE#         833
  C:2B52H         LINE#         834
  C:2B60H         LINE#         835
  C:2B6EH         LINE#         836
  C:2B7CH         LINE#         837
  C:2B8DH         LINE#         838
  C:2B9AH         LINE#         839
  C:2BA8H         LINE#         840
  C:2BB6H         LINE#         841
  C:2BC4H         LINE#         842
  C:2BD2H         LINE#         843
  C:2BE0H         LINE#         844
  C:2BEEH         LINE#         845
  C:2BFCH         LINE#         846
  C:2C0AH         LINE#         847
  C:2C18H         LINE#         849
  -------         ENDPROC       _NZ_SZ_SCREEN
  -------         PROC          SCREEN4
  C:4CC4H         LINE#         854
  C:4CC4H         LINE#         855
  C:4CC4H         LINE#         856
  C:4CCEH         LINE#         857
  C:4CD3H         LINE#         858
  C:4CDCH         LINE#         859
  C:4CE1H         LINE#         860
  C:4CEAH         LINE#         861
  C:4CEFH         LINE#         862
  C:4CF8H         LINE#         863
  C:4CFDH         LINE#         864
  C:4D06H         LINE#         865
  C:4D0EH         LINE#         866
  C:4D0EH         LINE#         867
  C:4D11H         LINE#         868
  C:4D17H         LINE#         869
  C:4D19H         LINE#         871
  C:4D19H         LINE#         872
  C:4D1CH         LINE#         873
  C:4D25H         LINE#         874
  C:4D25H         LINE#         875
  -------         ENDPROC       SCREEN4
  -------         PROC          DIS_CHK_SAVE
  C:4EB7H         LINE#         879
  C:4EB7H         LINE#         880
BL51 BANKED LINKER/LOCATER V6.22                                                      07/27/2013  10:39:10  PAGE 30


  C:4EB7H         LINE#         881
  C:4EC1H         LINE#         882
  C:4EC6H         LINE#         883
  C:4ECFH         LINE#         885
  C:4ED4H         LINE#         886
  C:4EDDH         LINE#         888
  C:4EE2H         LINE#         889
  C:4EEBH         LINE#         891
  C:4EF0H         LINE#         892
  -------         ENDPROC       DIS_CHK_SAVE
  -------         PROC          SCREEN1
  C:52B4H         LINE#         897
  C:52B4H         LINE#         898
  C:52B4H         LINE#         899
  C:52B7H         LINE#         900
  C:52BAH         LINE#         901
  C:52BDH         LINE#         902
  C:52C0H         LINE#         903
  C:52C3H         LINE#         904
  -------         ENDPROC       SCREEN1
  -------         PROC          SCREEN2
  C:4C52H         LINE#         910
  C:4C52H         LINE#         911
  C:4C52H         LINE#         912
  C:4C5CH         LINE#         913
  C:4C61H         LINE#         914
  C:4C6AH         LINE#         916
  C:4C6FH         LINE#         917
  C:4C78H         LINE#         919
  C:4C7DH         LINE#         920
  C:4C86H         LINE#         922
  C:4C8BH         LINE#         923
  C:4C94H         LINE#         925
  C:4C99H         LINE#         926
  C:4CA3H         LINE#         927
  C:4CACH         LINE#         928
  C:4CACH         LINE#         930
  C:4CC3H         LINE#         932
  C:4CC3H         LINE#         934
  -------         ENDPROC       SCREEN2
  -------         PROC          SCREEN3
  C:41A5H         LINE#         938
  C:41A5H         LINE#         939
  C:41A5H         LINE#         940
  C:41AFH         LINE#         941
  C:41B4H         LINE#         942
  C:41BDH         LINE#         944
  C:41C2H         LINE#         945
  C:41CBH         LINE#         946
  C:41D0H         LINE#         947
  C:41D9H         LINE#         948
  C:41E4H         LINE#         949
  C:41EEH         LINE#         950
  C:41F7H         LINE#         951
  C:4202H         LINE#         952
  C:420CH         LINE#         953
  C:4215H         LINE#         954
BL51 BANKED LINKER/LOCATER V6.22                                                      07/27/2013  10:39:10  PAGE 31


  C:4220H         LINE#         955
  C:422AH         LINE#         956
  C:4233H         LINE#         958
  C:4238H         LINE#         959
  C:4241H         LINE#         960
  C:424CH         LINE#         961
  C:4256H         LINE#         962
  C:425FH         LINE#         963
  C:426AH         LINE#         964
  C:4274H         LINE#         965
  C:427DH         LINE#         966
  C:4288H         LINE#         967
  C:4292H         LINE#         968
  -------         ENDPROC       SCREEN3
  -------         PROC          WELCOME1
  C:5343H         LINE#         972
  C:5343H         LINE#         973
  C:5343H         LINE#         974
  -------         ENDPROC       WELCOME1
  -------         PROC          WELCOME2
  C:4EF9H         LINE#         977
  C:4EF9H         LINE#         978
  C:4EF9H         LINE#         979
  C:4F03H         LINE#         980
  C:4F11H         LINE#         981
  C:4F1FH         LINE#         982
  C:4F2DH         LINE#         983
  -------         ENDPROC       WELCOME2
  -------         ENDMOD        DISPLAYTIME

  -------         MODULE        DS1302
  C:0000H         SYMBOL        _ICE_DUMMY_
  B:00E0H.7       PUBLIC        ACC7
  C:50F4H         PUBLIC        chk_max_day
  D:004AH         PUBLIC        second
  D:0080H         PUBLIC        P0
  D:00A0H         PUBLIC        P2
  D:00B0H         PUBLIC        P3
  D:004BH         PUBLIC        autotsf
  D:00A8H         PUBLIC        IE
  B:00A0H.6       PUBLIC        ds_io
  B:00A0H.5       PUBLIC        ds_rst
  D:004CH         PUBLIC        minute
  D:00B8H         PUBLIC        IP
  C:4FDBH         PUBLIC        ds1302_read
  C:4BDBH         PUBLIC        autots
  D:00D8H         PUBLIC        CCON
  D:004DH         PUBLIC        month
  C:4F75H         PUBLIC        ds1302_write
  D:004EH         PUBLIC        week
  C:51F2H         PUBLIC        _read_time
  D:004FH         PUBLIC        year
  D:0098H         PUBLIC        SCON
  D:0088H         PUBLIC        TCON
  C:531DH         PUBLIC        ds1302_init
  D:0050H         PUBLIC        day
  C:5281H         PUBLIC        _write_time
BL51 BANKED LINKER/LOCATER V6.22                                                      07/27/2013  10:39:10  PAGE 32


  D:0051H         PUBLIC        hour
  D:00E0H         PUBLIC        ACC
  C:46FBH         PUBLIC        ds1302_data_ret
  D:0052H         PUBLIC        ssov
  C:51DFH         PUBLIC        _write_time_byte
  C:5337H         PUBLIC        max_day
  B:00A0H.7       PUBLIC        ds_sclk
  C:5224H         PUBLIC        ds1302_jiaoshi
  D:00D0H         PUBLIC        PSW
  -------         PROC          CHK_MAX_DAY
  -------         DO            
  D:0007H         SYMBOL        mon
  -------         ENDDO         
  C:50F4H         LINE#         27
  C:50F4H         LINE#         28
  C:50F4H         LINE#         30
  C:5104H         LINE#         31
  C:5107H         LINE#         32
  C:5107H         LINE#         33
  C:510DH         LINE#         34
  C:5110H         LINE#         36
  C:5113H         LINE#         37
  C:5113H         LINE#         39
  C:5119H         LINE#         40
  -------         ENDPROC       CHK_MAX_DAY
  -------         PROC          DS1302_INIT
  -------         DO            
  D:0007H         SYMBOL        ss
  -------         ENDDO         
  C:531DH         LINE#         44
  C:531DH         LINE#         45
  C:531DH         LINE#         47
  C:5322H         LINE#         48
  C:5327H         LINE#         49
  C:5327H         LINE#         50
  C:532AH         LINE#         51
  C:532AH         LINE#         52
  -------         ENDPROC       DS1302_INIT
  -------         PROC          DS1302_DATA_RET
  C:46FBH         LINE#         54
  C:46FBH         LINE#         55
  C:46FBH         LINE#         56
  C:46FEH         LINE#         57
  C:4701H         LINE#         58
  C:4708H         LINE#         59
  C:470FH         LINE#         60
  C:4716H         LINE#         61
  C:471DH         LINE#         62
  C:4724H         LINE#         63
  C:472BH         LINE#         64
  C:4732H         LINE#         65
  C:4739H         LINE#         66
  C:4740H         LINE#         67
  C:4747H         LINE#         68
  C:474EH         LINE#         69
  C:4755H         LINE#         70
  C:475CH         LINE#         71
BL51 BANKED LINKER/LOCATER V6.22                                                      07/27/2013  10:39:10  PAGE 33


  C:4763H         LINE#         72
  C:476AH         LINE#         73
  C:4771H         LINE#         74
  C:4778H         LINE#         75
  C:477FH         LINE#         76
  C:4786H         LINE#         77
  C:478DH         LINE#         78
  -------         ENDPROC       DS1302_DATA_RET
  -------         PROC          DS1302_WRITE
  C:4F75H         LINE#         84
  C:4F75H         LINE#         85
  C:4F75H         LINE#         86
  C:4F78H         LINE#         87
  C:4F7FH         LINE#         88
  C:4F86H         LINE#         89
  C:4F8DH         LINE#         90
  C:4F94H         LINE#         91
  C:4F9BH         LINE#         92
  C:4FA2H         LINE#         93
  -------         ENDPROC       DS1302_WRITE
  -------         PROC          DS1302_JIAOSHI
  C:5224H         LINE#         99
  C:5224H         LINE#         100
  C:5224H         LINE#         101
  C:5227H         LINE#         102
  C:522EH         LINE#         103
  C:5235H         LINE#         104
  -------         ENDPROC       DS1302_JIAOSHI
  C:527DH         SYMBOL        L?0031
  -------         PROC          L?0030
  -------         ENDPROC       L?0030
  C:527DH         SYMBOL        L?0031
  -------         PROC          _WRITE_TIME
  D:0007H         SYMBOL        add
  D:0040H         SYMBOL        dat
  C:5281H         LINE#         109
  C:5283H         LINE#         110
  C:5283H         LINE#         111
  C:5283H         LINE#         112
  C:5283H         LINE#         113
  C:5283H         LINE#         114
  C:5286H         LINE#         115
  C:528BH         LINE#         116
  C:528DH         LINE#         117
  C:528FH         LINE#         118
  -------         ENDPROC       _WRITE_TIME
  -------         PROC          L?0032
  -------         ENDPROC       L?0032
  -------         PROC          _WRITE_TIME_BYTE
  D:0007H         SYMBOL        com
  -------         DO            
  D:0006H         SYMBOL        i
  -------         ENDDO         
  C:51DFH         LINE#         122
  C:51DFH         LINE#         123
  C:51DFH         LINE#         125
  C:51E1H         LINE#         126
BL51 BANKED LINKER/LOCATER V6.22                                                      07/27/2013  10:39:10  PAGE 34


  C:51E1H         LINE#         127
  C:51E5H         LINE#         128
  C:51E9H         LINE#         129
  C:51EBH         LINE#         130
  C:51EDH         LINE#         131
  C:51F1H         LINE#         132
  -------         ENDPROC       _WRITE_TIME_BYTE
  -------         PROC          DS1302_READ
  C:4FDBH         LINE#         136
  C:4FDBH         LINE#         137
  C:4FDBH         LINE#         138
  C:4FE2H         LINE#         139
  C:4FE9H         LINE#         140
  C:4FF0H         LINE#         141
  C:4FF7H         LINE#         142
  C:4FFEH         LINE#         143
  C:5005H         LINE#         144
  -------         ENDPROC       DS1302_READ
  -------         PROC          _READ_TIME
  D:0007H         SYMBOL        add
  -------         DO            
  D:0005H         SYMBOL        dat
  D:0007H         SYMBOL        i
  -------         ENDDO         
  C:51F2H         LINE#         148
  C:51F2H         LINE#         149
  C:51F2H         LINE#         151
  C:51F2H         LINE#         152
  C:51F2H         LINE#         153
  C:51F2H         LINE#         154
  C:51F5H         LINE#         155
  C:51F7H         LINE#         156
  C:51F7H         LINE#         157
  C:51F9H         LINE#         158
  C:51FDH         LINE#         159
  C:51FFH         LINE#         160
  C:5200H         LINE#         161
  C:5202H         LINE#         162
  C:5204H         LINE#         163
  C:5206H         LINE#         164
  C:5208H         LINE#         165
  C:520AH         LINE#         166
  -------         ENDPROC       _READ_TIME
  -------         PROC          AUTOTS
  C:4BDBH         LINE#         173
  C:4BDBH         LINE#         174
  C:4BDBH         LINE#         175
  C:4BE2H         LINE#         176
  C:4BE9H         LINE#         178
  C:4BF2H         LINE#         179
  C:4BF2H         LINE#         180
  C:4BF2H         LINE#         181
  C:4BF2H         LINE#         182
  C:4BF2H         LINE#         183
  C:4C00H         LINE#         184
  C:4C00H         LINE#         185
  C:4C06H         LINE#         186
BL51 BANKED LINKER/LOCATER V6.22                                                      07/27/2013  10:39:10  PAGE 35


  C:4C0DH         LINE#         187
  C:4C14H         LINE#         189
  C:4C14H         LINE#         190
  C:4C14H         LINE#         192
  C:4C14H         LINE#         193
  C:4C26H         LINE#         194
  C:4C26H         LINE#         195
  C:4C29H         LINE#         196
  C:4C2FH         LINE#         197
  C:4C36H         LINE#         198
  C:4C3DH         LINE#         199
  C:4C3FH         LINE#         200
  C:4C3FH         LINE#         201
  C:4C51H         LINE#         203
  C:4C51H         LINE#         204
  C:4C51H         LINE#         205
  C:4C51H         LINE#         206
[...]
  C:37AEH         LINE#         329
  C:37AEH         LINE#         330
  C:37BAH         LINE#         331
  C:37BFH         LINE#         332
  C:37BFH         LINE#         333
  C:37C1H         LINE#         334
  C:37C6H         LINE#         335
  C:37C8H         LINE#         336
  C:37CAH         LINE#         337
  C:37D2H         LINE#         338
  C:37D9H         LINE#         339
  C:37DBH         LINE#         340
  C:37DDH         LINE#         341
  C:37DFH         LINE#         342
  C:37E2H         LINE#         344
  C:37E2H         LINE#         345
  C:37E9H         LINE#         346
  C:37F4H         LINE#         347
  C:37F6H         LINE#         348
  C:3802H         LINE#         349
  C:3805H         LINE#         350
  C:3816H         LINE#         351
  C:3820H         LINE#         352
  C:3827H         LINE#         353
  C:382AH         LINE#         354
  C:382CH         LINE#         355
  C:3834H         LINE#         356
  C:383BH         LINE#         357
  C:383DH         LINE#         358
  C:3843H         LINE#         359
  C:3843H         LINE#         360
  C:3848H         LINE#         361
  C:384AH         LINE#         362
  C:384FH         LINE#         363
  C:3856H         LINE#         364
BL51 BANKED LINKER/LOCATER V6.22                                                      07/27/2013  10:39:10  PAGE 49


  C:385EH         LINE#         365
  C:3865H         LINE#         366
  C:3867H         LINE#         367
  C:3869H         LINE#         368
  C:3870H         LINE#         369
  C:3870H         LINE#         370
  C:3874H         LINE#         372
  C:387BH         LINE#         373
  C:3885H         LINE#         374
  C:388DH         LINE#         375
  C:3891H         LINE#         376
  C:3894H         LINE#         377
  C:3897H         LINE#         378
  -------         ENDPROC       CONVERSION
  -------         PROC          CONVER_WEEK
  B:0020H.0       SYMBOL        c
  D:0040H         SYMBOL        year
  D:0041H         SYMBOL        month
  D:0042H         SYMBOL        day
  -------         DO            
  D:0007H         SYMBOL        temp1
  D:0006H         SYMBOL        temp2
  -------         ENDDO         
  C:4AE2H         LINE#         394
  C:4AE2H         LINE#         395
  C:4AE2H         LINE#         397
  C:4AECH         LINE#         398
  C:4AF2H         LINE#         399
  C:4AF7H         LINE#         400
  C:4AFFH         LINE#         401
  C:4B05H         LINE#         402
  C:4B0AH         LINE#         403
  C:4B12H         LINE#         404
  C:4B18H         LINE#         405
  C:4B1DH         LINE#         406
  C:4B25H         LINE#         407
  C:4B2EH         LINE#         408
  C:4B34H         LINE#         409
  C:4B36H         LINE#         410
  C:4B3CH         LINE#         411
  C:4B48H         LINE#         412
  C:4B56H         LINE#         413
  C:4B5EH         LINE#         414
  -------         ENDPROC       CONVER_WEEK
  -------         PROC          _JIEQI
  D:0043H         SYMBOL        y2
  D:0044H         SYMBOL        m2
  D:0046H         SYMBOL        d2
  -------         DO            
  D:0048H         SYMBOL        temp
  D:0003H         SYMBOL        d
  D:0007H         SYMBOL        y
  D:0007H         SYMBOL        y1
  D:0005H         SYMBOL        m
  D:0006H         SYMBOL        addr
  -------         ENDDO         
  C:445FH         LINE#         585
BL51 BANKED LINKER/LOCATER V6.22                                                      07/27/2013  10:39:10  PAGE 50


  C:4469H         LINE#         586
  C:4469H         LINE#         589
  C:4488H         LINE#         590
  C:44A7H         LINE#         591
  C:44B8H         LINE#         592
  C:44BAH         LINE#         593
  C:44D0H         LINE#         594
  C:44D6H         LINE#         595
  C:44D6H         LINE#         596
  C:44DCH         LINE#         597
  C:44F6H         LINE#         598
  C:44F9H         LINE#         599
  C:44F9H         LINE#         600
  C:44FFH         LINE#         601
  C:4505H         LINE#         602
  C:4505H         LINE#         603
  C:450AH         LINE#         604
  C:4520H         LINE#         605
  C:4522H         LINE#         606
  C:4522H         LINE#         607
  -------         ENDPROC       _JIEQI
  -------         ENDMOD        LUNAR

  -------         MODULE        ALARMCLOCK
  C:0000H         SYMBOL        _ICE_DUMMY_
  D:0080H         PUBLIC        P0
  C:3E0CH         PUBLIC        _chk_nz
  D:00A0H         PUBLIC        P2
  D:00B0H         PUBLIC        P3
  D:00A8H         PUBLIC        IE
  D:00B8H         PUBLIC        IP
  C:523CH         PUBLIC        didi
  D:00D8H         PUBLIC        CCON
  B:00B0H.7       PUBLIC        buzzer
  D:0098H         PUBLIC        SCON
  D:0088H         PUBLIC        TCON
  C:530CH         PUBLIC        key_beep
  C:4829H         PUBLIC        read_nz_data
  C:5006H         PUBLIC        nz_beep
  C:4E29H         PUBLIC        _buzzer_nz
  C:520BH         PUBLIC        _delayms
  C:45C2H         PUBLIC        save_nz
  D:00D0H         PUBLIC        PSW
  -------         PROC          _DELAYMS
  D:0006H         SYMBOL        com
  -------         DO            
  D:0005H         SYMBOL        i
  D:0002H         SYMBOL        a
  D:0003H         SYMBOL        b
  D:0004H         SYMBOL        c
  -------         ENDDO         
  C:520BH         LINE#         10
  C:520BH         LINE#         11
  C:520BH         LINE#         13
  C:5214H         LINE#         14
  C:5214H         LINE#         15
  C:5216H         LINE#         16
BL51 BANKED LINKER/LOCATER V6.22                                                      07/27/2013  10:39:10  PAGE 51


  C:5218H         LINE#         17
  C:5220H         LINE#         18
  C:5223H         LINE#         19
  -------         ENDPROC       _DELAYMS
  -------         PROC          _CHK_NZ
  D:0007H         SYMBOL        hour
  D:0005H         SYMBOL        minute
  D:0003H         SYMBOL        second
  D:0042H         SYMBOL        week
  -------         DO            
  D:0007H         SYMBOL        hou
  D:0005H         SYMBOL        min
  D:0004H         SYMBOL        i
  D:0006H         SYMBOL        fh
  -------         ENDDO         
  C:3E0CH         LINE#         24
  C:3E0CH         LINE#         25
  C:3E0CH         LINE#         26
  C:3E0EH         LINE#         27
  C:3E17H         LINE#         28
  C:3E17H         LINE#         29
  C:3E25H         LINE#         30
  C:3E33H         LINE#         31
  C:3E35H         LINE#         32
  C:3E35H         LINE#         33
  C:3E43H         LINE#         34
  C:3E4FH         LINE#         35
  C:3E5BH         LINE#         36
  C:3E5EH         LINE#         37
  C:3E60H         LINE#         38
  C:3E65H         LINE#         39
  C:3E71H         LINE#         40
  C:3E7DH         LINE#         41
  C:3E80H         LINE#         42
  C:3E80H         LINE#         43
  C:3E83H         LINE#         44
  C:3E85H         LINE#         45
  C:3E88H         LINE#         46
  C:3E8AH         LINE#         47
  C:3E8DH         LINE#         48
  C:3E8FH         LINE#         49
  C:3E92H         LINE#         50
  C:3E94H         LINE#         51
  C:3E97H         LINE#         52
  C:3E99H         LINE#         53
  C:3E99H         LINE#         54
  C:3EACH         LINE#         55
  C:3EACH         LINE#         56
  C:3EB8H         LINE#         57
  C:3EC4H         LINE#         58
  C:3EC7H         LINE#         59
  C:3EC9H         LINE#         60
  C:3EC9H         LINE#         61
  C:3EDCH         LINE#         62
  C:3EDCH         LINE#         63
  C:3EE8H         LINE#         64
  C:3EF4H         LINE#         65
BL51 BANKED LINKER/LOCATER V6.22                                                      07/27/2013  10:39:10  PAGE 52


  C:3EF7H         LINE#         66
  C:3EF9H         LINE#         67
  C:3EF9H         LINE#         68
  C:3EFEH         LINE#         69
  C:3EFEH         LINE#         70
  C:3F02H         LINE#         71
  C:3F0EH         LINE#         72
  C:3F1AH         LINE#         73
  C:3F1DH         LINE#         74
  C:3F1FH         LINE#         75
  C:3F25H         LINE#         76
  C:3F31H         LINE#         77
  C:3F3DH         LINE#         78
  C:3F40H         LINE#         79
  C:3F42H         LINE#         80
  C:3F42H         LINE#         81
  C:3F4BH         LINE#         82
  C:3F4BH         LINE#         83
  C:3F4DH         LINE#         84
  -------         ENDPROC       _CHK_NZ
  -------         PROC          READ_NZ_DATA
  C:4829H         LINE#         88
  C:4829H         LINE#         89
  C:4829H         LINE#         90
  C:4832H         LINE#         91
  C:483BH         LINE#         92
  C:4844H         LINE#         93
  C:484DH         LINE#         94
  C:4856H         LINE#         95
  C:485FH         LINE#         96
  C:4868H         LINE#         97
  C:4871H         LINE#         98
  C:487AH         LINE#         99
  C:4883H         LINE#         100
  C:488CH         LINE#         101
  C:4895H         LINE#         102
  C:489EH         LINE#         103
  C:48A7H         LINE#         104
  C:48B0H         LINE#         105
  C:48B9H         LINE#         106
  -------         ENDPROC       READ_NZ_DATA
  -------         PROC          SAVE_NZ
  C:45C2H         LINE#         110
  C:45C2H         LINE#         111
  C:45C2H         LINE#         112
  C:45C9H         LINE#         113
  C:45D2H         LINE#         114
  C:45DBH         LINE#         115
  C:45E4H         LINE#         116
  C:45EDH         LINE#         117
  C:45F6H         LINE#         118
  C:45FFH         LINE#         119
  C:4608H         LINE#         120
  C:4611H         LINE#         121
  C:461AH         LINE#         122
  C:4623H         LINE#         123
  C:462CH         LINE#         124
BL51 BANKED LINKER/LOCATER V6.22                                                      07/27/2013  10:39:10  PAGE 53


  C:4635H         LINE#         125
  C:463EH         LINE#         126
  C:4647H         LINE#         127
  C:4650H         LINE#         128
  C:4659H         LINE#         129
  -------         ENDPROC       SAVE_NZ
  -------         PROC          _BUZZER_NZ
  D:003FH         SYMBOL        nz_flag
  C:4E29H         LINE#         134
  C:4E2BH         LINE#         135
  C:4E2BH         LINE#         136
  C:4E30H         LINE#         137
  C:4E30H         LINE#         138
  C:4E33H         LINE#         139
  C:4E33H         LINE#         140
  C:4E38H         LINE#         141
  C:4E38H         LINE#         142
  C:4E3BH         LINE#         143
  C:4E3FH         LINE#         144
  C:4E3FH         LINE#         145
  C:4E44H         LINE#         146
  C:4E44H         LINE#         147
  C:4E47H         LINE#         148
  C:4E4BH         LINE#         149
  C:4E4BH         LINE#         150
  C:4E50H         LINE#         151
  C:4E50H         LINE#         152
  C:4E53H         LINE#         153
  C:4E57H         LINE#         154
  C:4E57H         LINE#         155
  C:4E5CH         LINE#         156
  C:4E5CH         LINE#         157
  C:4E5FH         LINE#         158
  C:4E63H         LINE#         159
  C:4E63H         LINE#         160
  C:4E68H         LINE#         161
  C:4E68H         LINE#         162
  C:4E6BH         LINE#         163
  C:4E6FH         LINE#         164
  C:4E6FH         LINE#         165
  -------         ENDPROC       _BUZZER_NZ
  -------         PROC          NZ_BEEP
  -------         DO            
  D:0040H         SYMBOL        i
  -------         ENDDO         
  C:5006H         LINE#         170
  C:5006H         LINE#         171
  C:5006H         LINE#         172
  C:500CH         LINE#         173
  C:5012H         LINE#         174
  C:5012H         LINE#         175
  C:5015H         LINE#         176
  C:5018H         LINE#         177
  C:501BH         LINE#         178
  C:5023H         LINE#         180
  C:502BH         LINE#         181
  C:502BH         LINE#         182
BL51 BANKED LINKER/LOCATER V6.22                                                      07/27/2013  10:39:10  PAGE 54


  C:502EH         LINE#         183
  -------         ENDPROC       NZ_BEEP
  -------         PROC          KEY_BEEP
  C:530CH         LINE#         188
  C:530CH         LINE#         189
  C:530CH         LINE#         190
  C:5311H         LINE#         191
  C:5311H         LINE#         192
  C:5313H         LINE#         193
  C:531AH         LINE#         194
  C:531CH         LINE#         195
  C:531CH         LINE#         196
  -------         ENDPROC       KEY_BEEP
  -------         PROC          DIDI
  C:523CH         LINE#         201
  C:523CH         LINE#         202
  C:523CH         LINE#         203
  C:523EH         LINE#         204
  C:5245H         LINE#         205
  C:5247H         LINE#         206
  C:524AH         LINE#         207
  C:524CH         LINE#         208
  C:524FH         LINE#         209
  C:5251H         LINE#         210
  -------         ENDPROC       DIDI
  -------         ENDMOD        ALARMCLOCK

  -------         MODULE        FONT
  C:0000H         SYMBOL        _ICE_DUMMY_
  D:00A8H         PUBLIC        IE
  C:2016H         PUBLIC        bmp1616
  C:2096H         PUBLIC        BMP1
  D:00B8H         PUBLIC        IP
  C:1D16H         PUBLIC        num1632
  D:00D8H         PUBLIC        CCON
  D:0098H         PUBLIC        SCON
  D:0088H         PUBLIC        TCON
  D:00D0H         PUBLIC        PSW
  -------         ENDMOD        FONT

  -------         MODULE        IR
  C:0000H         SYMBOL        _ICE_DUMMY_
  D:00B0H         PUBLIC        P3
  D:0021H         PUBLIC        key_ok
  D:00A8H         PUBLIC        IE
  D:0022H         PUBLIC        key_up
  C:3CC7H         PUBLIC        IR_IN
  D:00B8H         PUBLIC        IP
  D:00D8H         PUBLIC        CCON
  D:0023H         PUBLIC        keya
  D:0024H         PUBLIC        keyb
  D:0025H         PUBLIC        keyc
  D:0026H         PUBLIC        keyd
  D:0027H         PUBLIC        keye
  D:0028H         PUBLIC        keyf
  D:0029H         PUBLIC        keyg
  B:00B0H.2       PUBLIC        IRIN
BL51 BANKED LINKER/LOCATER V6.22                                                      07/27/2013  10:39:10  PAGE 55


  D:002AH         PUBLIC        keyh
  D:002BH         PUBLIC        keyi
  D:0098H         PUBLIC        SCON
  D:002CH         PUBLIC        keyj
  D:0088H         PUBLIC        TCON
  D:002DH         PUBLIC        key_voioff
  D:002EH         PUBLIC        key_alarm
  D:002FH         PUBLIC        key_light
  B:00A8H.0       PUBLIC        EX0
  C:52D8H         PUBLIC        _delayA
  D:0030H         PUBLIC        key_add
  D:0031H         PUBLIC        key_voion
  D:0032H         PUBLIC        key_minus
  D:0033H         PUBLIC        key_down
  D:0034H         PUBLIC        key_set
  D:00D0H         PUBLIC        PSW
  D:0035H         PUBLIC        IRCOM
  -------         PROC          _DELAYA
  D:0007H         SYMBOL        x
  -------         DO            
  D:0006H         SYMBOL        i
  -------         ENDDO         
  C:52D8H         LINE#         26
  C:52D8H         LINE#         27
  C:52D8H         LINE#         29
  C:52DEH         LINE#         30
  C:52DEH         LINE#         31
  C:52E9H         LINE#         32
  C:52E9H         LINE#         33
  -------         ENDPROC       _DELAYA
  -------         PROC          IR_IN
  -------         DO            
  D:0004H         SYMBOL        j
  D:003BH         SYMBOL        k
  D:003CH         SYMBOL        N
  -------         ENDDO         
  C:3CC7H         LINE#         35
  C:3CDCH         LINE#         37
  C:3CDFH         LINE#         38
  C:3CE1H         LINE#         39
  C:3CE6H         LINE#         40
  C:3CE9H         LINE#         41
  C:3CE9H         LINE#         42
  C:3CEEH         LINE#         44
  C:3CEEH         LINE#         45
  C:3CF1H         LINE#         46
  C:3CF8H         LINE#         48
  C:3CFAH         LINE#         49
  C:3CFAH         LINE#         50
  C:3CFDH         LINE#         51
  C:3CFDH         LINE#         52
  C:3D00H         LINE#         53
  C:3D07H         LINE#         54
  C:3D0AH         LINE#         55
  C:3D11H         LINE#         56
  C:3D14H         LINE#         57
  C:3D14H         LINE#         58
BL51 BANKED LINKER/LOCATER V6.22                                                      07/27/2013  10:39:10  PAGE 56


  C:3D19H         LINE#         59
  C:3D1BH         LINE#         60
  C:3D22H         LINE#         61
  C:3D22H         LINE#         62
  C:3D27H         LINE#         63
  C:3D27H         LINE#         64
  C:3D27H         LINE#         65
  C:3D33H         LINE#         66
  C:3D42H         LINE#         67
  C:3D45H         LINE#         68
  C:3D4EH         LINE#         69
  C:3D54H         LINE#         71
  C:3D5BH         LINE#         72
  C:3D5BH         LINE#         73
  C:3D60H         LINE#         75
  C:3D60H         LINE#         77
  C:3D9FH         LINE#         78
  C:3D9FH         LINE#         79
  C:3DA4H         LINE#         80
  C:3DA9H         LINE#         81
  C:3DAEH         LINE#         82
  C:3DB3H         LINE#         83
  C:3DB8H         LINE#         84
  C:3DBDH         LINE#         85
  C:3DC2H         LINE#         87
  C:3DC7H         LINE#         98
  C:3DCCH         LINE#         99
  C:3DD1H         LINE#         100
  C:3DD6H         LINE#         101
  C:3DDBH         LINE#         102
  C:3DE0H         LINE#         103
  C:3DE5H         LINE#         105
  C:3DEAH         LINE#         106
  C:3DEFH         LINE#         107
  C:3DF4H         LINE#         108
  C:3DF7H         LINE#         109
  C:3DF7H         LINE#         110
  C:3DF7H         LINE#         126
  C:3DF9H         LINE#         127
  -------         ENDPROC       IR_IN
  -------         ENDMOD        IR

  -------         MODULE        ?C?FPMUL
  C:2F1AH         PUBLIC        ?C?FPMUL
  -------         ENDMOD        ?C?FPMUL

  -------         MODULE        ?C?FCAST
  C:302AH         PUBLIC        ?C?FCASTC
  C:3025H         PUBLIC        ?C?FCASTI
  C:3020H         PUBLIC        ?C?FCASTL
  -------         ENDMOD        ?C?FCAST

  -------         MODULE        ?C?CASTF
  C:305EH         PUBLIC        ?C?CASTF
  -------         ENDMOD        ?C?CASTF

  -------         MODULE        ?C?CLDPTR
BL51 BANKED LINKER/LOCATER V6.22                                                      07/27/2013  10:39:10  PAGE 57


  C:30DFH         PUBLIC        ?C?CLDPTR
  -------         ENDMOD        ?C?CLDPTR

  -------         MODULE        ?C?IMUL
  C:30F8H         PUBLIC        ?C?IMUL
  -------         ENDMOD        ?C?IMUL

  -------         MODULE        ?C?UIDIV
  C:310AH         PUBLIC        ?C?UIDIV
  -------         ENDMOD        ?C?UIDIV

  -------         MODULE        ?C?SIDIV
  C:315FH         PUBLIC        ?C?SIDIV
  -------         ENDMOD        ?C?SIDIV

  -------         MODULE        ?C?LNEG
  C:3195H         PUBLIC        ?C?LNEG
  -------         ENDMOD        ?C?LNEG

  -------         MODULE        ?C?CCASE
  C:31A3H         PUBLIC        ?C?CCASE
  -------         ENDMOD        ?C?CCASE

Program Size: data=107.6 xdata=0 code=21317
LINK/LOCATE RUN COMPLETE.  0 WARNING(S),  0 ERROR(S)
