BL51 BANKED LINKER/LOCATER V6.22                                                        12/16/2013  21:56:09  PAGE 1


BL51 BANKED LINKER/LOCATER V6.22, INVOKED BY:
D:\°²×°Èí¼þ\KEIL4\C51\BIN\BL51.EXE Ð¡³µ¿ØÖÆ.obj TO Ð¡³µ¿ØÖÆ RAMSIZE (256)


MEMORY MODEL: SMALL


INPUT MODULES INCLUDED:
  Ð¡³µ¿ØÖÆ.obj (Ð¡³µ¿Ø_Æ)
  D:\°²×°Èí¼þ\KEIL4\C51\LIB\C51S.LIB (?C_STARTUP)
  D:\°²×°Èí¼þ\KEIL4\C51\LIB\C51S.LIB (?C_INIT)


LINK MAP OF MODULE:  Ð¡³µ¿ØÖÆ (Ð¡³µ¿Ø_Æ)


            TYPE    BASE      LENGTH    RELOCATION   SEGMENT NAME
            -----------------------------------------------------

            * * * * * * *   D A T A   M E M O R Y   * * * * * * *
            REG     0000H     0008H     ABSOLUTE     "REG BANK 0"
            DATA    0008H     0006H     UNIT         ?DT?Ð¡³µ¿Ø_Æ
                    000EH     0012H                  *** GAP ***
            BIT     0020H.0   0000H.2   UNIT         ?BI?Ð¡³µ¿Ø_Æ
                    0020H.2   0000H.6                *** GAP ***
            IDATA   0021H     0001H     UNIT         ?STACK

            * * * * * * *   C O D E   M E M O R Y   * * * * * * *
            CODE    0000H     0003H     ABSOLUTE     
                    0003H     0008H                  *** GAP ***
            CODE    000BH     0003H     ABSOLUTE     
            CODE    000EH     008CH     UNIT         ?C_C51STARTUP
            CODE    009AH     005DH     UNIT         ?PR?MAIN?Ð¡³µ¿Ø_Æ
            CODE    00F7H     0035H     UNIT         ?PR?TIMER0?Ð¡³µ¿Ø_Æ
            CODE    012CH     0020H     UNIT         ?PR?_DELAY?Ð¡³µ¿Ø_Æ
            CODE    014CH     0015H     UNIT         ?C_INITSEG
            CODE    0161H     0014H     UNIT         ?PR?PWM_OUT_LEFT_MOTO?Ð¡³µ¿Ø_Æ
            CODE    0175H     0014H     UNIT         ?PR?PWM_OUT_RIGHT_MOTO?Ð¡³µ¿Ø_Æ
            CODE    0189H     000FH     UNIT         ?PR?RUN?Ð¡³µ¿Ø_Æ
            CODE    0198H     000FH     UNIT         ?PR?BACK?Ð¡³µ¿Ø_Æ
            CODE    01A7H     000FH     UNIT         ?PR?LEFT?Ð¡³µ¿Ø_Æ
            CODE    01B6H     000FH     UNIT         ?PR?RIGHT?Ð¡³µ¿Ø_Æ



OVERLAY MAP OF MODULE:   Ð¡³µ¿ØÖÆ (Ð¡³µ¿Ø_Æ)


SEGMENT
  +--> CALLED SEGMENT
---------------------
?PR?TIMER0?Ð¡³µ¿Ø_Æ
  +--> ?PR?PWM_OUT_LEFT_MOTO?Ð¡³µ¿Ø_Æ
  +--> ?PR?PWM_OUT_RIGHT_MOTO?Ð¡³µ¿Ø_Æ

*** NEW ROOT ***************************************************

?C_C51STARTUP
BL51 BANKED LINKER/LOCATER V6.22                                                      12/16/2013  21:56:09  PAGE 2


  +--> ?PR?MAIN?Ð¡³µ¿Ø_Æ
  +--> ?C_INITSEG

?PR?MAIN?Ð¡³µ¿Ø_Æ
  +--> ?PR?BACK?Ð¡³µ¿Ø_Æ
  +--> ?PR?RIGHT?Ð¡³µ¿Ø_Æ
  +--> ?PR?LEFT?Ð¡³µ¿Ø_Æ



SYMBOL TABLE OF MODULE:  Ð¡³µ¿ØÖÆ (Ð¡³µ¿Ø_Æ)

  VALUE           TYPE          NAME
  ----------------------------------

  -------         MODULE        Ð¡³µ¿Ø_Æ
  C:0000H         SYMBOL        _ICE_DUMMY_
  B:00A8H.7       PUBLIC        EA
  D:0008H         PUBLIC        pwm_val_left
  B:0090H.0       PUBLIC        P1_0
  C:012CH         PUBLIC        _delay
  B:0090H.1       PUBLIC        P1_1
  C:0198H         PUBLIC        back
  B:0090H.2       PUBLIC        P1_2
  B:00B0H.4       PUBLIC        P3_4
  B:00B0H.5       PUBLIC        P3_5
  B:00B0H.6       PUBLIC        P3_6
  B:00B0H.7       PUBLIC        P3_7
  C:01B6H         PUBLIC        right
  C:009AH         PUBLIC        main
  C:01A7H         PUBLIC        left
  D:0009H         PUBLIC        time
  C:0175H         PUBLIC        pwm_out_right_moto
  D:0089H         PUBLIC        TMOD
  C:0161H         PUBLIC        pwm_out_left_moto
  B:00A8H.1       PUBLIC        ET0
  B:0020H.0       PUBLIC        Right_moto_stop
  D:008CH         PUBLIC        TH0
  D:008AH         PUBLIC        TL0
  C:00F7H         PUBLIC        timer0
  C:0189H         PUBLIC        run
  B:0088H.4       PUBLIC        TR0
  B:0020H.1       PUBLIC        Left_moto_stop
  D:000BH         PUBLIC        push_val_right
  D:000CH         PUBLIC        push_val_left
  D:000DH         PUBLIC        pwm_val_right
  -------         PROC          _DELAY
  D:0006H         SYMBOL        k
  -------         DO            
  D:0004H         SYMBOL        x
  D:0002H         SYMBOL        y
  -------         ENDDO         
  C:012CH         LINE#         28
  C:012CH         LINE#         29
  C:012CH         LINE#         31
  C:0136H         LINE#         32
  C:014BH         LINE#         33
BL51 BANKED LINKER/LOCATER V6.22                                                      12/16/2013  21:56:09  PAGE 3


  -------         ENDPROC       _DELAY
  -------         PROC          RUN
  C:0189H         LINE#         36
  C:0189H         LINE#         37
  C:0189H         LINE#         38
  C:018CH         LINE#         39
  C:018FH         LINE#         40
  C:0193H         LINE#         41
  C:0197H         LINE#         42
  -------         ENDPROC       RUN
  -------         PROC          BACK
  C:0198H         LINE#         45
  C:0198H         LINE#         46
  C:0198H         LINE#         47
  C:019BH         LINE#         48
  C:019EH         LINE#         49
  C:01A2H         LINE#         50
  C:01A6H         LINE#         51
  -------         ENDPROC       BACK
  -------         PROC          LEFT
  C:01A7H         LINE#         54
  C:01A7H         LINE#         55
  C:01A7H         LINE#         56
  C:01AAH         LINE#         57
  C:01ADH         LINE#         58
  C:01B1H         LINE#         59
  C:01B5H         LINE#         60
  -------         ENDPROC       LEFT
  -------         PROC          RIGHT
  C:01B6H         LINE#         63
  C:01B6H         LINE#         64
  C:01B6H         LINE#         65
  C:01B9H         LINE#         66
  C:01BCH         LINE#         67
  C:01C0H         LINE#         68
  C:01C4H         LINE#         69
  -------         ENDPROC       RIGHT
  -------         PROC          PWM_OUT_LEFT_MOTO
  C:0161H         LINE#         76
  C:0161H         LINE#         77
  C:0161H         LINE#         78
  C:0164H         LINE#         79
  C:0164H         LINE#         80
  C:016BH         LINE#         81
  C:0170H         LINE#         85
  C:0174H         LINE#         86
  -------         ENDPROC       PWM_OUT_LEFT_MOTO
  -------         PROC          PWM_OUT_RIGHT_MOTO
  C:0175H         LINE#         89
  C:0175H         LINE#         90
  C:0175H         LINE#         91
  C:0178H         LINE#         92
  C:0178H         LINE#         93
  C:017FH         LINE#         94
  C:0184H         LINE#         98
  C:0188H         LINE#         99
  -------         ENDPROC       PWM_OUT_RIGHT_MOTO
BL51 BANKED LINKER/LOCATER V6.22                                                      12/16/2013  21:56:09  PAGE 4


  -------         PROC          TIMER0
  C:00F7H         LINE#         102
  C:00FBH         LINE#         104
  C:00FEH         LINE#         105
  C:0101H         LINE#         106
  C:0109H         LINE#         107
  C:010BH         LINE#         108
  C:010DH         LINE#         109
  C:0114H         LINE#         110
  C:0117H         LINE#         111
  C:011EH         LINE#         112
  C:0121H         LINE#         113
  C:0124H         LINE#         114
  C:0127H         LINE#         116
  -------         ENDPROC       TIMER0
  -------         PROC          MAIN
  -------         DO            
  D:0006H         SYMBOL        x
  -------         ENDDO         
  C:009AH         LINE#         119
  C:009AH         LINE#         120
  C:009AH         LINE#         122
  C:009DH         LINE#         123
  C:00A0H         LINE#         124
  C:00A3H         LINE#         125
  C:00A5H         LINE#         126
  C:00A7H         LINE#         127
  C:00A9H         LINE#         128
  C:00A9H         LINE#         129
  C:00A9H         LINE#         130
  C:00AEH         LINE#         131
  C:00AEH         LINE#         132
  C:00B1H         LINE#         133
  C:00BFH         LINE#         134
  C:00BFH         LINE#         135
  C:00C4H         LINE#         136
  C:00C4H         LINE#         137
  C:00C7H         LINE#         138
  C:00D5H         LINE#         139
  C:00D5H         LINE#         140
  C:00DAH         LINE#         141
  C:00DAH         LINE#         142
  C:00E8H         LINE#         143
  C:00F2H         LINE#         144
  C:00F2H         LINE#         146
  C:00F5H         LINE#         173
  -------         ENDPROC       MAIN
  -------         ENDMOD        Ð¡³µ¿Ø_Æ

*** WARNING L16: UNCALLED SEGMENT, IGNORED FOR OVERLAY PROCESS
    SEGMENT: ?PR?_DELAY?Ð¡³µ¿Ø_Æ

*** WARNING L16: UNCALLED SEGMENT, IGNORED FOR OVERLAY PROCESS
    SEGMENT: ?PR?RUN?Ð¡³µ¿Ø_Æ

Program Size: data=15.2 xdata=0 code=445
LINK/LOCATE RUN COMPLETE.  2 WARNING(S),  0 ERROR(S)
